Feb  4 12:25:57 cu-cs-vm anacron[862]: Job `cron.daily' terminated
Feb  4 12:25:57 cu-cs-vm anacron[862]: Normal exit (1 job run)
Feb  4 12:30:06 cu-cs-vm uptimed: moving up to position 21: 0 days, 00:10:30
Feb  4 12:34:55 cu-cs-vm systemd[1]: Starting Cleanup of Temporary Directories...
Feb  4 12:34:55 cu-cs-vm systemd-tmpfiles[2311]: [/usr/lib/tmpfiles.d/var.conf:14] Duplicate line for path "/var/log", ignoring.
Feb  4 12:34:55 cu-cs-vm systemd[1]: Started Cleanup of Temporary Directories.
Feb  4 12:35:21 cu-cs-vm dhclient[1837]: DHCPREQUEST of 192.168.21.128 on ens33 to 192.168.21.254 port 67 (xid=0x1f82a377)
Feb  4 12:35:21 cu-cs-vm dhclient[1837]: DHCPACK of 192.168.21.128 from 192.168.21.254
Feb  4 12:35:21 cu-cs-vm NetworkManager[904]: <info>  [1549308921.8803]   address 192.168.21.128
Feb  4 12:35:21 cu-cs-vm NetworkManager[904]: <info>  [1549308921.8804]   plen 24 (255.255.255.0)
Feb  4 12:35:21 cu-cs-vm NetworkManager[904]: <info>  [1549308921.8805]   gateway 192.168.21.2
Feb  4 12:35:21 cu-cs-vm NetworkManager[904]: <info>  [1549308921.8805]   server identifier 192.168.21.254
Feb  4 12:35:21 cu-cs-vm NetworkManager[904]: <info>  [1549308921.8805]   lease time 1800
Feb  4 12:35:21 cu-cs-vm NetworkManager[904]: <info>  [1549308921.8805]   nameserver '192.168.21.2'
Feb  4 12:35:21 cu-cs-vm NetworkManager[904]: <info>  [1549308921.8805]   domain name 'localdomain'
Feb  4 12:35:21 cu-cs-vm NetworkManager[904]: <info>  [1549308921.8805]   wins '192.168.21.2'
Feb  4 12:35:21 cu-cs-vm NetworkManager[904]: <info>  [1549308921.8806] dhcp4 (ens33): state changed bound -> bound
Feb  4 12:35:21 cu-cs-vm dbus[870]: [system] Activating via systemd: service name='org.freedesktop.nm_dispatcher' unit='dbus-org.freedesktop.nm-dispatcher.service'
Feb  4 12:35:21 cu-cs-vm dhclient[1837]: bound to 192.168.21.128 -- renewal in 839 seconds.
Feb  4 12:35:21 cu-cs-vm systemd[1]: Starting Network Manager Script Dispatcher Service...
Feb  4 12:35:21 cu-cs-vm dbus[870]: [system] Successfully activated service 'org.freedesktop.nm_dispatcher'
Feb  4 12:35:21 cu-cs-vm systemd[1]: Started Network Manager Script Dispatcher Service.
Feb  4 12:35:21 cu-cs-vm nm-dispatcher: req:1 'dhcp4-change' [ens33]: new request (1 scripts)
Feb  4 12:35:21 cu-cs-vm nm-dispatcher: req:1 'dhcp4-change' [ens33]: start running ordered scripts...
Feb  4 12:49:20 cu-cs-vm dhclient[1837]: DHCPREQUEST of 192.168.21.128 on ens33 to 192.168.21.254 port 67 (xid=0x1f82a377)
Feb  4 12:49:20 cu-cs-vm dhclient[1837]: DHCPACK of 192.168.21.128 from 192.168.21.254
Feb  4 12:49:20 cu-cs-vm NetworkManager[904]: <info>  [1549309760.4041]   address 192.168.21.128
Feb  4 12:49:20 cu-cs-vm NetworkManager[904]: <info>  [1549309760.4042]   plen 24 (255.255.255.0)
Feb  4 12:49:20 cu-cs-vm NetworkManager[904]: <info>  [1549309760.4043]   gateway 192.168.21.2
Feb  4 12:49:20 cu-cs-vm NetworkManager[904]: <info>  [1549309760.4043]   server identifier 192.168.21.254
Feb  4 12:49:20 cu-cs-vm NetworkManager[904]: <info>  [1549309760.4043]   lease time 1800
Feb  4 12:49:20 cu-cs-vm NetworkManager[904]: <info>  [1549309760.4043]   nameserver '192.168.21.2'
Feb  4 12:49:20 cu-cs-vm NetworkManager[904]: <info>  [1549309760.4043]   domain name 'localdomain'
Feb  4 12:49:20 cu-cs-vm NetworkManager[904]: <info>  [1549309760.4043]   wins '192.168.21.2'
Feb  4 12:49:20 cu-cs-vm NetworkManager[904]: <info>  [1549309760.4044] dhcp4 (ens33): state changed bound -> bound
Feb  4 12:49:20 cu-cs-vm dbus[870]: [system] Activating via systemd: service name='org.freedesktop.nm_dispatcher' unit='dbus-org.freedesktop.nm-dispatcher.service'
Feb  4 12:49:20 cu-cs-vm dhclient[1837]: bound to 192.168.21.128 -- renewal in 863 seconds.
Feb  4 12:49:20 cu-cs-vm systemd[1]: Starting Network Manager Script Dispatcher Service...
Feb  4 12:49:20 cu-cs-vm dbus[870]: [system] Successfully activated service 'org.freedesktop.nm_dispatcher'
Feb  4 12:49:20 cu-cs-vm systemd[1]: Started Network Manager Script Dispatcher Service.
Feb  4 12:49:20 cu-cs-vm nm-dispatcher: req:1 'dhcp4-change' [ens33]: new request (1 scripts)
Feb  4 12:49:20 cu-cs-vm nm-dispatcher: req:1 'dhcp4-change' [ens33]: start running ordered scripts...
Feb  4 12:50:06 cu-cs-vm uptimed: moving up to position 18: 0 days, 00:30:30
Feb  4 13:00:06 cu-cs-vm uptimed: moving up to position 17: 0 days, 00:40:30
Feb  4 13:03:43 cu-cs-vm dhclient[1837]: DHCPREQUEST of 192.168.21.128 on ens33 to 192.168.21.254 port 67 (xid=0x1f82a377)
Feb  4 13:03:43 cu-cs-vm dhclient[1837]: DHCPACK of 192.168.21.128 from 192.168.21.254
Feb  4 13:03:43 cu-cs-vm NetworkManager[904]: <info>  [1549310623.8413]   address 192.168.21.128
Feb  4 13:03:43 cu-cs-vm NetworkManager[904]: <info>  [1549310623.8414]   plen 24 (255.255.255.0)
Feb  4 13:03:43 cu-cs-vm NetworkManager[904]: <info>  [1549310623.8414]   gateway 192.168.21.2
Feb  4 13:03:43 cu-cs-vm NetworkManager[904]: <info>  [1549310623.8415]   server identifier 192.168.21.254
Feb  4 13:03:43 cu-cs-vm NetworkManager[904]: <info>  [1549310623.8415]   lease time 1800
Feb  4 13:03:43 cu-cs-vm NetworkManager[904]: <info>  [1549310623.8415]   nameserver '192.168.21.2'
Feb  4 13:03:43 cu-cs-vm NetworkManager[904]: <info>  [1549310623.8415]   domain name 'localdomain'
Feb  4 13:03:43 cu-cs-vm NetworkManager[904]: <info>  [1549310623.8415]   wins '192.168.21.2'
Feb  4 13:03:43 cu-cs-vm NetworkManager[904]: <info>  [1549310623.8416] dhcp4 (ens33): state changed bound -> bound
Feb  4 13:03:43 cu-cs-vm dbus[870]: [system] Activating via systemd: service name='org.freedesktop.nm_dispatcher' unit='dbus-org.freedesktop.nm-dispatcher.service'
Feb  4 13:03:43 cu-cs-vm dhclient[1837]: bound to 192.168.21.128 -- renewal in 795 seconds.
Feb  4 13:03:43 cu-cs-vm systemd[1]: Starting Network Manager Script Dispatcher Service...
Feb  4 13:03:43 cu-cs-vm dbus[870]: [system] Successfully activated service 'org.freedesktop.nm_dispatcher'
Feb  4 13:03:43 cu-cs-vm systemd[1]: Started Network Manager Script Dispatcher Service.
Feb  4 13:03:43 cu-cs-vm nm-dispatcher: req:1 'dhcp4-change' [ens33]: new request (1 scripts)
Feb  4 13:03:43 cu-cs-vm nm-dispatcher: req:1 'dhcp4-change' [ens33]: start running ordered scripts...
Feb  4 13:16:58 cu-cs-vm dhclient[1837]: DHCPREQUEST of 192.168.21.128 on ens33 to 192.168.21.254 port 67 (xid=0x1f82a377)
Feb  4 13:16:58 cu-cs-vm dhclient[1837]: DHCPACK of 192.168.21.128 from 192.168.21.254
Feb  4 13:16:58 cu-cs-vm NetworkManager[904]: <info>  [1549311418.1321]   address 192.168.21.128
Feb  4 13:16:58 cu-cs-vm NetworkManager[904]: <info>  [1549311418.1322]   plen 24 (255.255.255.0)
Feb  4 13:16:58 cu-cs-vm NetworkManager[904]: <info>  [1549311418.1323]   gateway 192.168.21.2
Feb  4 13:16:58 cu-cs-vm NetworkManager[904]: <info>  [1549311418.1323]   server identifier 192.168.21.254
Feb  4 13:16:58 cu-cs-vm NetworkManager[904]: <info>  [1549311418.1323]   lease time 1800
Feb  4 13:16:58 cu-cs-vm NetworkManager[904]: <info>  [1549311418.1323]   nameserver '192.168.21.2'
Feb  4 13:16:58 cu-cs-vm NetworkManager[904]: <info>  [1549311418.1323]   domain name 'localdomain'
Feb  4 13:16:58 cu-cs-vm NetworkManager[904]: <info>  [1549311418.1323]   wins '192.168.21.2'
Feb  4 13:16:58 cu-cs-vm NetworkManager[904]: <info>  [1549311418.1324] dhcp4 (ens33): state changed bound -> bound
Feb  4 13:16:58 cu-cs-vm dbus[870]: [system] Activating via systemd: service name='org.freedesktop.nm_dispatcher' unit='dbus-org.freedesktop.nm-dispatcher.service'
Feb  4 13:16:58 cu-cs-vm dhclient[1837]: bound to 192.168.21.128 -- renewal in 892 seconds.
Feb  4 13:16:58 cu-cs-vm systemd[1]: Starting Network Manager Script Dispatcher Service...
Feb  4 13:16:58 cu-cs-vm dbus[870]: [system] Successfully activated service 'org.freedesktop.nm_dispatcher'
Feb  4 13:16:58 cu-cs-vm systemd[1]: Started Network Manager Script Dispatcher Service.
Feb  4 13:16:58 cu-cs-vm nm-dispatcher: req:1 'dhcp4-change' [ens33]: new request (1 scripts)
Feb  4 13:16:58 cu-cs-vm nm-dispatcher: req:1 'dhcp4-change' [ens33]: start running ordered scripts...
Feb  4 13:17:01 cu-cs-vm CRON[14397]: (root) CMD (   cd / && run-parts --report /etc/cron.hourly)
Feb  4 13:20:06 cu-cs-vm uptimed: moving up to position 16: 0 days, 01:00:30
Feb  4 13:30:06 cu-cs-vm uptimed: moving up to position 13: 0 days, 01:10:30
Feb  4 13:31:28 cu-cs-vm kernel: [ 4297.442319] SGI XFS with ACLs, security attributes, realtime, no debug enabled
Feb  4 13:31:28 cu-cs-vm kernel: [ 4297.502116] JFS: nTxBlock = 8192, nTxLock = 65536
Feb  4 13:31:28 cu-cs-vm kernel: [ 4297.563153] ntfs: driver 2.1.32 [Flags: R/O MODULE].
Feb  4 13:31:28 cu-cs-vm kernel: [ 4297.690381] QNX4 filesystem 0.2.3 registered.
Feb  4 13:31:28 cu-cs-vm kernel: [ 4297.809795] raid6: sse2x1   gen()  3344 MB/s
Feb  4 13:31:28 cu-cs-vm kernel: [ 4297.858195] raid6: sse2x1   xor()  2210 MB/s
Feb  4 13:31:29 cu-cs-vm kernel: [ 4297.906734] raid6: sse2x2   gen()  4071 MB/s
Feb  4 13:31:29 cu-cs-vm kernel: [ 4297.953749] raid6: sse2x2   xor()  2959 MB/s
Feb  4 13:31:29 cu-cs-vm kernel: [ 4298.000883] raid6: sse2x4   gen()  4031 MB/s
Feb  4 13:31:29 cu-cs-vm kernel: [ 4298.051073] raid6: sse2x4   xor()  3089 MB/s
Feb  4 13:31:29 cu-cs-vm kernel: [ 4298.100286] raid6: avx2x1   gen()  7637 MB/s
Feb  4 13:31:29 cu-cs-vm kernel: [ 4298.145480] raid6: avx2x1   xor()  5534 MB/s
Feb  4 13:31:29 cu-cs-vm kernel: [ 4298.193334] raid6: avx2x2   gen()  7833 MB/s
Feb  4 13:31:29 cu-cs-vm kernel: [ 4298.240758] raid6: avx2x2   xor()  5503 MB/s
Feb  4 13:31:29 cu-cs-vm kernel: [ 4298.289215] raid6: avx2x4   gen()  9796 MB/s
Feb  4 13:31:29 cu-cs-vm kernel: [ 4298.336753] raid6: avx2x4   xor()  7281 MB/s
Feb  4 13:31:29 cu-cs-vm kernel: [ 4298.336757] raid6: using algorithm avx2x4 gen() 9796 MB/s
Feb  4 13:31:29 cu-cs-vm kernel: [ 4298.336758] raid6: .... xor() 7281 MB/s, rmw enabled
Feb  4 13:31:29 cu-cs-vm kernel: [ 4298.336760] raid6: using avx2x2 recovery algorithm
Feb  4 13:31:29 cu-cs-vm kernel: [ 4298.353401] xor: automatically using best checksumming function   avx       
Feb  4 13:31:29 cu-cs-vm kernel: [ 4298.621215] Btrfs loaded, crc32c=crc32c-intel
Feb  4 13:31:29 cu-cs-vm os-prober: debug: /dev/sda2: DOS extended partition; skipping
Feb  4 13:31:29 cu-cs-vm os-prober: debug: /dev/sda5: is active swap
Feb  4 13:31:37 cu-cs-vm systemd[1]: Stopped target Graphical Interface.
Feb  4 13:31:37 cu-cs-vm obexd[1680]: Terminating
Feb  4 13:31:37 cu-cs-vm systemd[1]: Stopping Session c1 of user user.
Feb  4 13:31:37 cu-cs-vm VGAuthService[844]: ** Message: Processing SIGTERM; service exiting
Feb  4 13:31:37 cu-cs-vm VGAuthService[844]: ** Message: ServiceEndMainLoop: about to stop main loop
Feb  4 13:31:37 cu-cs-vm systemd[1]: Stopping Accounts Service...
Feb  4 13:31:37 cu-cs-vm systemd[1]: Stopped target Timers.
Feb  4 13:31:37 cu-cs-vm systemd[1]: Closed Load/Save RF Kill Switch Status /dev/rfkill Watch.
Feb  4 13:31:37 cu-cs-vm systemd[1]: Stopped Daily Cleanup of Temporary Directories.
Feb  4 13:31:37 cu-cs-vm systemd[1]: Stopping User Manager for UID 1000...
Feb  4 13:31:37 cu-cs-vm systemd[1]: Stopping Disk Manager...
Feb  4 13:31:37 cu-cs-vm systemd[1]: Stopping Light Display Manager...
Feb  4 13:31:37 cu-cs-vm systemd[1]: Stopping Authentication service for virtual machines hosted on VMware...
Feb  4 13:31:38 cu-cs-vm rsyslogd: [origin software="rsyslogd" swVersion="8.16.0" x-pid="858" x-info="http://www.rsyslog.com"] exiting on signal 15.
Feb  4 13:32:34 cu-cs-vm rsyslogd: [origin software="rsyslogd" swVersion="8.16.0" x-pid="859" x-info="http://www.rsyslog.com"] start
Feb  4 13:32:34 cu-cs-vm rsyslogd-2222: command 'KLogPermitNonKernelFacility' is currently not permitted - did you already set it via a RainerScript command (v6+ config)? [v8.16.0 try http://www.rsyslog.com/e/2222 ]
Feb  4 13:32:34 cu-cs-vm rsyslogd: rsyslogd's groupid changed to 108
Feb  4 13:32:34 cu-cs-vm rsyslogd: rsyslogd's userid changed to 104
Feb  4 13:32:34 cu-cs-vm systemd[1]: Started Nameserver information manager.
Feb  4 13:32:34 cu-cs-vm systemd[1]: Reached target Network (Pre).
Feb  4 13:32:34 cu-cs-vm systemd-modules-load[371]: Inserted module 'lp'
Feb  4 13:32:34 cu-cs-vm loadkeys[370]: Loading /etc/console-setup/cached.kmap.gz
Feb  4 13:32:34 cu-cs-vm systemd[1]: Started Set console keymap.
Feb  4 13:32:34 cu-cs-vm systemd-modules-load[371]: Inserted module 'ppdev'
Feb  4 13:32:34 cu-cs-vm systemd-modules-load[371]: Inserted module 'parport_pc'
Feb  4 13:32:34 cu-cs-vm systemd-modules-load[371]: Module 'fuse' is builtin
Feb  4 13:32:34 cu-cs-vm systemd[1]: Started Load Kernel Modules.
Feb  4 13:32:34 cu-cs-vm systemd[1]: Starting Apply Kernel Variables...
Feb  4 13:32:34 cu-cs-vm systemd[1]: Mounting Configuration File System...
Feb  4 13:32:34 cu-cs-vm systemd[1]: Mounting FUSE Control File System...
Feb  4 13:32:34 cu-cs-vm systemd[1]: Mounted FUSE Control File System.
Feb  4 13:32:34 cu-cs-vm systemd[1]: Mounted Configuration File System.
Feb  4 13:32:34 cu-cs-vm rsyslogd-2039: Could not open output pipe '/dev/xconsole':: No such file or directory [v8.16.0 try http://www.rsyslog.com/e/2039 ]
Feb  4 13:32:34 cu-cs-vm systemd[1]: Mounting VMware vmblock fuse mount...
Feb  4 13:32:34 cu-cs-vm systemd[1]: Started Create Static Device Nodes in /dev.
Feb  4 13:32:34 cu-cs-vm systemd[1]: Starting udev Kernel Device Manager...
Feb  4 13:32:34 cu-cs-vm systemd[1]: Started Apply Kernel Variables.
Feb  4 13:32:34 cu-cs-vm systemd[1]: Started udev Kernel Device Manager.
Feb  4 13:32:34 cu-cs-vm systemd[1]: Starting Remount Root and Kernel File Systems...
Feb  4 13:32:34 cu-cs-vm rsyslogd-2007: action 'action 10' suspended, next retry is Mon Feb  4 13:33:04 2019 [v8.16.0 try http://www.rsyslog.com/e/2007 ]
Feb  4 13:32:34 cu-cs-vm systemd[1]: Mounted VMware vmblock fuse mount.
Feb  4 13:32:34 cu-cs-vm systemd[1]: Started Remount Root and Kernel File Systems.
Feb  4 13:32:34 cu-cs-vm systemd[1]: Starting Flush Journal to Persistent Storage...
Feb  4 13:32:34 cu-cs-vm kernel: [    0.000000] Linux version 4.15.18Jerry1 (root@cu-cs-vm) (gcc version 5.4.0 20160609 (Ubuntu 5.4.0-6ubuntu1~16.04.10)) #11 SMP Mon Feb 4 13:16:11 MST 2019 (Ubuntu 4.15.0-43.46~16.04.1-generic 4.15.18)
Feb  4 13:32:34 cu-cs-vm kernel: [    0.000000] Command line: BOOT_IMAGE=/boot/vmlinuz-4.15.18Jerry1 root=UUID=a7adc8c1-e02a-478b-93ad-c06e060e0176 ro
Feb  4 13:32:34 cu-cs-vm kernel: [    0.000000] KERNEL supported cpus:
Feb  4 13:32:34 cu-cs-vm kernel: [    0.000000]   Intel GenuineIntel
Feb  4 13:32:34 cu-cs-vm kernel: [    0.000000]   AMD AuthenticAMD
Feb  4 13:32:34 cu-cs-vm systemd[1]: Starting Load/Save Random Seed...
Feb  4 13:32:34 cu-cs-vm kernel: [    0.000000]   Centaur CentaurHauls
Feb  4 13:32:34 cu-cs-vm kernel: [    0.000000] Disabled fast string operations
Feb  4 13:32:34 cu-cs-vm systemd[1]: Starting udev Coldplug all Devices...
Feb  4 13:32:34 cu-cs-vm kernel: [    0.000000] x86/fpu: Supporting XSAVE feature 0x001: 'x87 floating point registers'
Feb  4 13:32:34 cu-cs-vm kernel: [    0.000000] x86/fpu: Supporting XSAVE feature 0x002: 'SSE registers'
Feb  4 13:32:34 cu-cs-vm kernel: [    0.000000] x86/fpu: Supporting XSAVE feature 0x004: 'AVX registers'
Feb  4 13:32:34 cu-cs-vm systemd[1]: Reached target Local File Systems (Pre).
Feb  4 13:32:34 cu-cs-vm kernel: [    0.000000] x86/fpu: xstate_offset[2]:  576, xstate_sizes[2]:  256
Feb  4 13:32:34 cu-cs-vm kernel: [    0.000000] x86/fpu: Enabled xstate features 0x7, context size is 832 bytes, using 'standard' format.
Feb  4 13:32:34 cu-cs-vm kernel: [    0.000000] e820: BIOS-provided physical RAM map:
Feb  4 13:32:34 cu-cs-vm kernel: [    0.000000] BIOS-e820: [mem 0x0000000000000000-0x000000000009e7ff] usable
Feb  4 13:32:34 cu-cs-vm systemd[1]: Reached target Local File Systems.
Feb  4 13:32:34 cu-cs-vm kernel: [    0.000000] BIOS-e820: [mem 0x000000000009e800-0x000000000009ffff] reserved
Feb  4 13:32:34 cu-cs-vm kernel: [    0.000000] BIOS-e820: [mem 0x00000000000dc000-0x00000000000fffff] reserved
Feb  4 13:32:34 cu-cs-vm kernel: [    0.000000] BIOS-e820: [mem 0x0000000000100000-0x00000000bfecffff] usable
Feb  4 13:32:34 cu-cs-vm systemd[1]: Started Service for virtual machines hosted on VMware.
Feb  4 13:32:34 cu-cs-vm kernel: [    0.000000] BIOS-e820: [mem 0x00000000bfed0000-0x00000000bfefefff] ACPI data
Feb  4 13:32:34 cu-cs-vm kernel: [    0.000000] BIOS-e820: [mem 0x00000000bfeff000-0x00000000bfefffff] ACPI NVS
Feb  4 13:32:34 cu-cs-vm kernel: [    0.000000] BIOS-e820: [mem 0x00000000bff00000-0x00000000bfffffff] usable
Feb  4 13:32:34 cu-cs-vm kernel: [    0.000000] BIOS-e820: [mem 0x00000000f0000000-0x00000000f7ffffff] reserved
Feb  4 13:32:34 cu-cs-vm kernel: [    0.000000] BIOS-e820: [mem 0x00000000fec00000-0x00000000fec0ffff] reserved
Feb  4 13:32:34 cu-cs-vm systemd[1]: Starting Tell Plymouth To Write Out Runtime Data...
Feb  4 13:32:34 cu-cs-vm kernel: [    0.000000] BIOS-e820: [mem 0x00000000fee00000-0x00000000fee00fff] reserved
Feb  4 13:32:34 cu-cs-vm kernel: [    0.000000] BIOS-e820: [mem 0x00000000fffe0000-0x00000000ffffffff] reserved
Feb  4 13:32:34 cu-cs-vm kernel: [    0.000000] BIOS-e820: [mem 0x0000000100000000-0x000000023fffffff] usable
Feb  4 13:32:34 cu-cs-vm kernel: [    0.000000] NX (Execute Disable) protection: active
Feb  4 13:32:34 cu-cs-vm kernel: [    0.000000] SMBIOS 2.7 present.
Feb  4 13:32:34 cu-cs-vm kernel: [    0.000000] DMI: VMware, Inc. VMware Virtual Platform/440BX Desktop Reference Platform, BIOS 6.00 04/13/2018
Feb  4 13:32:34 cu-cs-vm systemd[1]: Starting Enable support for additional executable binary formats...
Feb  4 13:32:34 cu-cs-vm kernel: [    0.000000] Hypervisor detected: VMware
Feb  4 13:32:34 cu-cs-vm kernel: [    0.000000] vmware: TSC freq read from hypervisor : 2601.000 MHz
Feb  4 13:32:34 cu-cs-vm kernel: [    0.000000] vmware: Host bus clock speed read from hypervisor : 66000000 Hz
Feb  4 13:32:34 cu-cs-vm kernel: [    0.000000] vmware: using sched offset of 21736568018 ns
Feb  4 13:32:34 cu-cs-vm systemd[1]: Starting Set console font and keymap...
Feb  4 13:32:34 cu-cs-vm kernel: [    0.000000] e820: update [mem 0x00000000-0x00000fff] usable ==> reserved
Feb  4 13:32:34 cu-cs-vm kernel: [    0.000000] e820: remove [mem 0x000a0000-0x000fffff] usable
Feb  4 13:32:34 cu-cs-vm kernel: [    0.000000] e820: last_pfn = 0x240000 max_arch_pfn = 0x400000000
Feb  4 13:32:34 cu-cs-vm systemd[1]: Starting LSB: AppArmor initialization...
Feb  4 13:32:34 cu-cs-vm kernel: [    0.000000] MTRR default type: uncachable
Feb  4 13:32:34 cu-cs-vm kernel: [    0.000000] MTRR fixed ranges enabled:
Feb  4 13:32:34 cu-cs-vm kernel: [    0.000000]   00000-9FFFF write-back
Feb  4 13:32:34 cu-cs-vm kernel: [    0.000000]   A0000-BFFFF uncachable
Feb  4 13:32:34 cu-cs-vm systemd[1]: Started Load/Save Random Seed.
Feb  4 13:32:34 cu-cs-vm kernel: [    0.000000]   C0000-C7FFF write-protect
Feb  4 13:32:34 cu-cs-vm kernel: [    0.000000]   C8000-CBFFF write-back
Feb  4 13:32:34 cu-cs-vm kernel: [    0.000000]   CC000-EFFFF uncachable
Feb  4 13:32:34 cu-cs-vm kernel: [    0.000000]   F0000-FFFFF write-protect
Feb  4 13:32:34 cu-cs-vm kernel: [    0.000000] MTRR variable ranges enabled:
Feb  4 13:32:34 cu-cs-vm kernel: [    0.000000]   0 base 00000000000 mask 3C000000000 write-back
Feb  4 13:32:34 cu-cs-vm systemd[1]: Started Tell Plymouth To Write Out Runtime Data.
Feb  4 13:32:34 cu-cs-vm kernel: [    0.000000]   1 base 000C0000000 mask 3FFC0000000 uncachable
Feb  4 13:32:34 cu-cs-vm kernel: [    0.000000]   2 disabled
Feb  4 13:32:34 cu-cs-vm kernel: [    0.000000]   3 disabled
Feb  4 13:32:34 cu-cs-vm kernel: [    0.000000]   4 disabled
Feb  4 13:32:34 cu-cs-vm systemd[1]: proc-sys-fs-binfmt_misc.automount: Got automount request for /proc/sys/fs/binfmt_misc, triggered by 446 (update-binfmts)
Feb  4 13:32:34 cu-cs-vm kernel: [    0.000000]   5 disabled
Feb  4 13:32:34 cu-cs-vm kernel: [    0.000000]   6 disabled
Feb  4 13:32:34 cu-cs-vm kernel: [    0.000000]   7 disabled
Feb  4 13:32:34 cu-cs-vm systemd[1]: Mounting Arbitrary Executable File Formats File System...
Feb  4 13:32:34 cu-cs-vm kernel: [    0.000000] x86/PAT: Configuration [0-7]: WB  WC  UC- UC  WB  WP  UC- WT  
Feb  4 13:32:34 cu-cs-vm kernel: [    0.000000] total RAM covered: 261120M
Feb  4 13:32:34 cu-cs-vm kernel: [    0.000000]  gran_size: 64K 	chunk_size: 64K 	num_reg: 8  	lose cover RAM: 0G
Feb  4 13:32:34 cu-cs-vm kernel: [    0.000000]  gran_size: 64K 	chunk_size: 128K 	num_reg: 8  	lose cover RAM: 0G
Feb  4 13:32:34 cu-cs-vm systemd[1]: Mounted Arbitrary Executable File Formats File System.
Feb  4 13:32:34 cu-cs-vm kernel: [    0.000000]  gran_size: 64K 	chunk_size: 256K 	num_reg: 8  	lose cover RAM: 0G
Feb  4 13:32:34 cu-cs-vm kernel: [    0.000000]  gran_size: 64K 	chunk_size: 512K 	num_reg: 8  	lose cover RAM: 0G
Feb  4 13:32:34 cu-cs-vm kernel: [    0.000000]  gran_size: 64K 	chunk_size: 1M 	num_reg: 8  	lose cover RAM: 0G
Feb  4 13:32:34 cu-cs-vm systemd[1]: Started Flush Journal to Persistent Storage.
Feb  4 13:32:34 cu-cs-vm kernel: [    0.000000]  gran_size: 64K 	chunk_size: 2M 	num_reg: 8  	lose cover RAM: 0G
Feb  4 13:32:34 cu-cs-vm kernel: [    0.000000]  gran_size: 64K 	chunk_size: 4M 	num_reg: 8  	lose cover RAM: 0G
Feb  4 13:32:34 cu-cs-vm kernel: [    0.000000]  gran_size: 64K 	chunk_size: 8M 	num_reg: 8  	lose cover RAM: 0G
Feb  4 13:32:34 cu-cs-vm systemd[1]: Starting Create Volatile Files and Directories...
Feb  4 13:32:34 cu-cs-vm kernel: [    0.000000]  gran_size: 64K 	chunk_size: 16M 	num_reg: 8  	lose cover RAM: 0G
Feb  4 13:32:34 cu-cs-vm kernel: [    0.000000]  gran_size: 64K 	chunk_size: 32M 	num_reg: 8  	lose cover RAM: 0G
Feb  4 13:32:34 cu-cs-vm kernel: [    0.000000]  gran_size: 64K 	chunk_size: 64M 	num_reg: 8  	lose cover RAM: 0G
Feb  4 13:32:34 cu-cs-vm kernel: [    0.000000]  gran_size: 64K 	chunk_size: 128M 	num_reg: 8  	lose cover RAM: 0G
Feb  4 13:32:34 cu-cs-vm kernel: [    0.000000]  gran_size: 64K 	chunk_size: 256M 	num_reg: 8  	lose cover RAM: 0G
Feb  4 13:32:34 cu-cs-vm kernel: [    0.000000]  gran_size: 64K 	chunk_size: 512M 	num_reg: 8  	lose cover RAM: 0G
Feb  4 13:32:34 cu-cs-vm systemd-tmpfiles[497]: [/usr/lib/tmpfiles.d/var.conf:14] Duplicate line for path "/var/log", ignoring.
Feb  4 13:32:34 cu-cs-vm kernel: [    0.000000]  gran_size: 64K 	chunk_size: 1G 	num_reg: 8  	lose cover RAM: 0G
Feb  4 13:32:34 cu-cs-vm kernel: [    0.000000]  gran_size: 64K 	chunk_size: 2G 	num_reg: 8  	lose cover RAM: 0G
Feb  4 13:32:34 cu-cs-vm kernel: [    0.000000]  gran_size: 128K 	chunk_size: 128K 	num_reg: 8  	lose cover RAM: 0G
Feb  4 13:32:34 cu-cs-vm kernel: [    0.000000]  gran_size: 128K 	chunk_size: 256K 	num_reg: 8  	lose cover RAM: 0G
Feb  4 13:32:34 cu-cs-vm kernel: [    0.000000]  gran_size: 128K 	chunk_size: 512K 	num_reg: 8  	lose cover RAM: 0G
Feb  4 13:32:34 cu-cs-vm kernel: [    0.000000]  gran_size: 128K 	chunk_size: 1M 	num_reg: 8  	lose cover RAM: 0G
Feb  4 13:32:34 cu-cs-vm systemd[1]: Started udev Coldplug all Devices.
Feb  4 13:32:34 cu-cs-vm kernel: [    0.000000]  gran_size: 128K 	chunk_size: 2M 	num_reg: 8  	lose cover RAM: 0G
Feb  4 13:32:34 cu-cs-vm kernel: [    0.000000]  gran_size: 128K 	chunk_size: 4M 	num_reg: 8  	lose cover RAM: 0G
Feb  4 13:32:34 cu-cs-vm kernel: [    0.000000]  gran_size: 128K 	chunk_size: 8M 	num_reg: 8  	lose cover RAM: 0G
Feb  4 13:32:34 cu-cs-vm kernel: [    0.000000]  gran_size: 128K 	chunk_size: 16M 	num_reg: 8  	lose cover RAM: 0G
Feb  4 13:32:34 cu-cs-vm kernel: [    0.000000]  gran_size: 128K 	chunk_size: 32M 	num_reg: 8  	lose cover RAM: 0G
Feb  4 13:32:34 cu-cs-vm systemd[1]: Started Dispatch Password Requests to Console Directory Watch.
Feb  4 13:32:34 cu-cs-vm kernel: [    0.000000]  gran_size: 128K 	chunk_size: 64M 	num_reg: 8  	lose cover RAM: 0G
Feb  4 13:32:34 cu-cs-vm kernel: [    0.000000]  gran_size: 128K 	chunk_size: 128M 	num_reg: 8  	lose cover RAM: 0G
Feb  4 13:32:34 cu-cs-vm systemd[1]: Started Enable support for additional executable binary formats.
Feb  4 13:32:34 cu-cs-vm kernel: [    0.000000]  gran_size: 128K 	chunk_size: 256M 	num_reg: 8  	lose cover RAM: 0G
Feb  4 13:32:34 cu-cs-vm kernel: [    0.000000]  gran_size: 128K 	chunk_size: 512M 	num_reg: 8  	lose cover RAM: 0G
Feb  4 13:32:34 cu-cs-vm kernel: [    0.000000]  gran_size: 128K 	chunk_size: 1G 	num_reg: 8  	lose cover RAM: 0G
Feb  4 13:32:34 cu-cs-vm kernel: [    0.000000]  gran_size: 128K 	chunk_size: 2G 	num_reg: 8  	lose cover RAM: 0G
Feb  4 13:32:34 cu-cs-vm kernel: [    0.000000]  gran_size: 256K 	chunk_size: 256K 	num_reg: 8  	lose cover RAM: 0G
Feb  4 13:32:34 cu-cs-vm systemd[1]: Started Create Volatile Files and Directories.
Feb  4 13:32:34 cu-cs-vm kernel: [    0.000000]  gran_size: 256K 	chunk_size: 512K 	num_reg: 8  	lose cover RAM: 0G
Feb  4 13:32:34 cu-cs-vm kernel: [    0.000000]  gran_size: 256K 	chunk_size: 1M 	num_reg: 8  	lose cover RAM: 0G
Feb  4 13:32:34 cu-cs-vm kernel: [    0.000000]  gran_size: 256K 	chunk_size: 2M 	num_reg: 8  	lose cover RAM: 0G
Feb  4 13:32:34 cu-cs-vm kernel: [    0.000000]  gran_size: 256K 	chunk_size: 4M 	num_reg: 8  	lose cover RAM: 0G
Feb  4 13:32:34 cu-cs-vm kernel: [    0.000000]  gran_size: 256K 	chunk_size: 8M 	num_reg: 8  	lose cover RAM: 0G
Feb  4 13:32:34 cu-cs-vm systemd[1]: Starting Update UTMP about System Boot/Shutdown...
Feb  4 13:32:34 cu-cs-vm kernel: [    0.000000]  gran_size: 256K 	chunk_size: 16M 	num_reg: 8  	lose cover RAM: 0G
Feb  4 13:32:34 cu-cs-vm kernel: [    0.000000]  gran_size: 256K 	chunk_size: 32M 	num_reg: 8  	lose cover RAM: 0G
Feb  4 13:32:34 cu-cs-vm kernel: [    0.000000]  gran_size: 256K 	chunk_size: 64M 	num_reg: 8  	lose cover RAM: 0G
Feb  4 13:32:34 cu-cs-vm systemd[1]: Starting Network Time Synchronization...
Feb  4 13:32:34 cu-cs-vm kernel: [    0.000000]  gran_size: 256K 	chunk_size: 128M 	num_reg: 8  	lose cover RAM: 0G
Feb  4 13:32:34 cu-cs-vm kernel: [    0.000000]  gran_size: 256K 	chunk_size: 256M 	num_reg: 8  	lose cover RAM: 0G
Feb  4 13:32:34 cu-cs-vm kernel: [    0.000000]  gran_size: 256K 	chunk_size: 512M 	num_reg: 8  	lose cover RAM: 0G
Feb  4 13:32:34 cu-cs-vm kernel: [    0.000000]  gran_size: 256K 	chunk_size: 1G 	num_reg: 8  	lose cover RAM: 0G
Feb  4 13:32:34 cu-cs-vm kernel: [    0.000000]  gran_size: 256K 	chunk_size: 2G 	num_reg: 8  	lose cover RAM: 0G
Feb  4 13:32:34 cu-cs-vm systemd[1]: Started Update UTMP about System Boot/Shutdown.
Feb  4 13:32:34 cu-cs-vm kernel: [    0.000000]  gran_size: 512K 	chunk_size: 512K 	num_reg: 8  	lose cover RAM: 0G
Feb  4 13:32:34 cu-cs-vm kernel: [    0.000000]  gran_size: 512K 	chunk_size: 1M 	num_reg: 8  	lose cover RAM: 0G
Feb  4 13:32:34 cu-cs-vm kernel: [    0.000000]  gran_size: 512K 	chunk_size: 2M 	num_reg: 8  	lose cover RAM: 0G
Feb  4 13:32:34 cu-cs-vm kernel: [    0.000000]  gran_size: 512K 	chunk_size: 4M 	num_reg: 8  	lose cover RAM: 0G
Feb  4 13:32:34 cu-cs-vm systemd[1]: Started Set console font and keymap.
Feb  4 13:32:34 cu-cs-vm kernel: [    0.000000]  gran_size: 512K 	chunk_size: 8M 	num_reg: 8  	lose cover RAM: 0G
Feb  4 13:32:34 cu-cs-vm kernel: [    0.000000]  gran_size: 512K 	chunk_size: 16M 	num_reg: 8  	lose cover RAM: 0G
Feb  4 13:32:34 cu-cs-vm kernel: [    0.000000]  gran_size: 512K 	chunk_size: 32M 	num_reg: 8  	lose cover RAM: 0G
Feb  4 13:32:34 cu-cs-vm kernel: [    0.000000]  gran_size: 512K 	chunk_size: 64M 	num_reg: 8  	lose cover RAM: 0G
Feb  4 13:32:34 cu-cs-vm systemd[1]: Created slice system-getty.slice.
Feb  4 13:32:34 cu-cs-vm systemd[1]: Started Network Time Synchronization.
Feb  4 13:32:34 cu-cs-vm systemd[1]: Listening on Load/Save RF Kill Switch Status /dev/rfkill Watch.
Feb  4 13:32:34 cu-cs-vm systemd[1]: Reached target System Time Synchronized.
Feb  4 13:32:34 cu-cs-vm apparmor[448]:  * Starting AppArmor profiles
Feb  4 13:32:34 cu-cs-vm mtp-probe: checking bus 2, device 2: "/sys/devices/pci0000:00/0000:00:11.0/0000:02:00.0/usb2/2-1"
Feb  4 13:32:34 cu-cs-vm mtp-probe: bus: 2, device: 2 was not an MTP device
Feb  4 13:32:34 cu-cs-vm apparmor[448]: Skipping profile in /etc/apparmor.d/disable: usr.bin.firefox
Feb  4 13:32:34 cu-cs-vm apparmor[448]: Skipping profile in /etc/apparmor.d/disable: usr.sbin.rsyslogd
Feb  4 13:32:34 cu-cs-vm apparmor[448]:    ...done.
Feb  4 13:32:34 cu-cs-vm systemd[1]: Started LSB: AppArmor initialization.
Feb  4 13:32:34 cu-cs-vm systemd[1]: Starting Raise network interfaces...
Feb  4 13:32:34 cu-cs-vm systemd[1]: Found device VMware_Virtual_S 5.
Feb  4 13:32:34 cu-cs-vm systemd[1]: Activating swap /dev/disk/by-uuid/4f6f25d8-6004-459b-b46c-f0f3c3d0de9b...
Feb  4 13:32:34 cu-cs-vm systemd[1]: Started Raise network interfaces.
Feb  4 13:32:34 cu-cs-vm systemd[1]: Activated swap /dev/disk/by-uuid/4f6f25d8-6004-459b-b46c-f0f3c3d0de9b.
Feb  4 13:32:34 cu-cs-vm systemd[1]: Reached target Swap.
Feb  4 13:32:34 cu-cs-vm systemd[1]: Reached target System Initialization.
Feb  4 13:32:34 cu-cs-vm systemd[1]: Listening on D-Bus System Message Bus Socket.
Feb  4 13:32:34 cu-cs-vm systemd[1]: Started Daily Cleanup of Temporary Directories.
Feb  4 13:32:34 cu-cs-vm systemd[1]: Started Daily apt download activities.
Feb  4 13:32:34 cu-cs-vm systemd[1]: Started CUPS Scheduler.
Feb  4 13:32:34 cu-cs-vm systemd[1]: Listening on CUPS Scheduler.
Feb  4 13:32:34 cu-cs-vm systemd[1]: Listening on UUID daemon activation socket.
Feb  4 13:32:34 cu-cs-vm systemd[1]: Listening on ACPID Listen Socket.
Feb  4 13:32:34 cu-cs-vm kernel: [    0.000000]  gran_size: 512K 	chunk_size: 128M 	num_reg: 8  	lose cover RAM: 0G
Feb  4 13:32:34 cu-cs-vm systemd[1]: Listening on Avahi mDNS/DNS-SD Stack Activation Socket.
Feb  4 13:32:34 cu-cs-vm kernel: [    0.000000]  gran_size: 512K 	chunk_size: 256M 	num_reg: 8  	lose cover RAM: 0G
Feb  4 13:32:34 cu-cs-vm kernel: [    0.000000]  gran_size: 512K 	chunk_size: 512M 	num_reg: 8  	lose cover RAM: 0G
Feb  4 13:32:34 cu-cs-vm kernel: [    0.000000]  gran_size: 512K 	chunk_size: 1G 	num_reg: 8  	lose cover RAM: 0G
Feb  4 13:32:34 cu-cs-vm kernel: [    0.000000]  gran_size: 512K 	chunk_size: 2G 	num_reg: 8  	lose cover RAM: 0G
Feb  4 13:32:34 cu-cs-vm systemd[1]: Started ACPI Events Check.
Feb  4 13:32:34 cu-cs-vm kernel: [    0.000000]  gran_size: 1M 	chunk_size: 1M 	num_reg: 8  	lose cover RAM: 0G
Feb  4 13:32:34 cu-cs-vm kernel: [    0.000000]  gran_size: 1M 	chunk_size: 2M 	num_reg: 8  	lose cover RAM: 0G
Feb  4 13:32:34 cu-cs-vm kernel: [    0.000000]  gran_size: 1M 	chunk_size: 4M 	num_reg: 8  	lose cover RAM: 0G
Feb  4 13:32:34 cu-cs-vm systemd[1]: Reached target Paths.
Feb  4 13:32:34 cu-cs-vm kernel: [    0.000000]  gran_size: 1M 	chunk_size: 8M 	num_reg: 8  	lose cover RAM: 0G
Feb  4 13:32:34 cu-cs-vm kernel: [    0.000000]  gran_size: 1M 	chunk_size: 16M 	num_reg: 8  	lose cover RAM: 0G
Feb  4 13:32:34 cu-cs-vm kernel: [    0.000000]  gran_size: 1M 	chunk_size: 32M 	num_reg: 8  	lose cover RAM: 0G
Feb  4 13:32:34 cu-cs-vm kernel: [    0.000000]  gran_size: 1M 	chunk_size: 64M 	num_reg: 8  	lose cover RAM: 0G
Feb  4 13:32:34 cu-cs-vm systemd[1]: Starting Socket activation for snappy daemon.
Feb  4 13:32:34 cu-cs-vm kernel: [    0.000000]  gran_size: 1M 	chunk_size: 128M 	num_reg: 8  	lose cover RAM: 0G
Feb  4 13:32:34 cu-cs-vm kernel: [    0.000000]  gran_size: 1M 	chunk_size: 256M 	num_reg: 8  	lose cover RAM: 0G
Feb  4 13:32:34 cu-cs-vm systemd[1]: Started Daily apt upgrade and clean activities.
Feb  4 13:32:34 cu-cs-vm kernel: [    0.000000]  gran_size: 1M 	chunk_size: 512M 	num_reg: 8  	lose cover RAM: 0G
Feb  4 13:32:34 cu-cs-vm kernel: [    0.000000]  gran_size: 1M 	chunk_size: 1G 	num_reg: 8  	lose cover RAM: 0G
Feb  4 13:32:34 cu-cs-vm kernel: [    0.000000]  gran_size: 1M 	chunk_size: 2G 	num_reg: 8  	lose cover RAM: 0G
Feb  4 13:32:34 cu-cs-vm kernel: [    0.000000]  gran_size: 2M 	chunk_size: 2M 	num_reg: 8  	lose cover RAM: 0G
Feb  4 13:32:34 cu-cs-vm kernel: [    0.000000]  gran_size: 2M 	chunk_size: 4M 	num_reg: 8  	lose cover RAM: 0G
Feb  4 13:32:34 cu-cs-vm systemd[1]: Reached target Timers.
Feb  4 13:32:34 cu-cs-vm kernel: [    0.000000]  gran_size: 2M 	chunk_size: 8M 	num_reg: 8  	lose cover RAM: 0G
Feb  4 13:32:34 cu-cs-vm systemd[1]: Listening on Socket activation for snappy daemon.
Feb  4 13:32:34 cu-cs-vm kernel: [    0.000000]  gran_size: 2M 	chunk_size: 16M 	num_reg: 8  	lose cover RAM: 0G
Feb  4 13:32:34 cu-cs-vm kernel: [    0.000000]  gran_size: 2M 	chunk_size: 32M 	num_reg: 8  	lose cover RAM: 0G
Feb  4 13:32:34 cu-cs-vm kernel: [    0.000000]  gran_size: 2M 	chunk_size: 64M 	num_reg: 8  	lose cover RAM: 0G
Feb  4 13:32:34 cu-cs-vm kernel: [    0.000000]  gran_size: 2M 	chunk_size: 128M 	num_reg: 8  	lose cover RAM: 0G
Feb  4 13:32:34 cu-cs-vm kernel: [    0.000000]  gran_size: 2M 	chunk_size: 256M 	num_reg: 8  	lose cover RAM: 0G
Feb  4 13:32:34 cu-cs-vm kernel: [    0.000000]  gran_size: 2M 	chunk_size: 512M 	num_reg: 8  	lose cover RAM: 0G
Feb  4 13:32:34 cu-cs-vm kernel: [    0.000000]  gran_size: 2M 	chunk_size: 1G 	num_reg: 8  	lose cover RAM: 0G
Feb  4 13:32:34 cu-cs-vm systemd[1]: Reached target Sockets.
Feb  4 13:32:34 cu-cs-vm kernel: [    0.000000]  gran_size: 2M 	chunk_size: 2G 	num_reg: 8  	lose cover RAM: 0G
Feb  4 13:32:34 cu-cs-vm kernel: [    0.000000]  gran_size: 4M 	chunk_size: 4M 	num_reg: 8  	lose cover RAM: 0G
Feb  4 13:32:34 cu-cs-vm kernel: [    0.000000]  gran_size: 4M 	chunk_size: 8M 	num_reg: 8  	lose cover RAM: 0G
Feb  4 13:32:34 cu-cs-vm kernel: [    0.000000]  gran_size: 4M 	chunk_size: 16M 	num_reg: 8  	lose cover RAM: 0G
Feb  4 13:32:34 cu-cs-vm kernel: [    0.000000]  gran_size: 4M 	chunk_size: 32M 	num_reg: 8  	lose cover RAM: 0G
Feb  4 13:32:34 cu-cs-vm kernel: [    0.000000]  gran_size: 4M 	chunk_size: 64M 	num_reg: 8  	lose cover RAM: 0G
Feb  4 13:32:34 cu-cs-vm systemd[1]: Reached target Basic System.
Feb  4 13:32:34 cu-cs-vm kernel: [    0.000000]  gran_size: 4M 	chunk_size: 128M 	num_reg: 8  	lose cover RAM: 0G
Feb  4 13:32:34 cu-cs-vm kernel: [    0.000000]  gran_size: 4M 	chunk_size: 256M 	num_reg: 8  	lose cover RAM: 0G
Feb  4 13:32:34 cu-cs-vm kernel: [    0.000000]  gran_size: 4M 	chunk_size: 512M 	num_reg: 8  	lose cover RAM: 0G
Feb  4 13:32:34 cu-cs-vm kernel: [    0.000000]  gran_size: 4M 	chunk_size: 1G 	num_reg: 8  	lose cover RAM: 0G
Feb  4 13:32:34 cu-cs-vm systemd[1]: Starting Thermal Daemon Service...
Feb  4 13:32:34 cu-cs-vm kernel: [    0.000000]  gran_size: 4M 	chunk_size: 2G 	num_reg: 8  	lose cover RAM: 0G
Feb  4 13:32:34 cu-cs-vm kernel: [    0.000000]  gran_size: 8M 	chunk_size: 8M 	num_reg: 8  	lose cover RAM: 0G
Feb  4 13:32:34 cu-cs-vm kernel: [    0.000000]  gran_size: 8M 	chunk_size: 16M 	num_reg: 8  	lose cover RAM: 0G
Feb  4 13:32:34 cu-cs-vm kernel: [    0.000000]  gran_size: 8M 	chunk_size: 32M 	num_reg: 8  	lose cover RAM: 0G
Feb  4 13:32:34 cu-cs-vm systemd[1]: Starting Initialize hardware monitoring sensors...
Feb  4 13:32:34 cu-cs-vm kernel: [    0.000000]  gran_size: 8M 	chunk_size: 64M 	num_reg: 8  	lose cover RAM: 0G
Feb  4 13:32:34 cu-cs-vm kernel: [    0.000000]  gran_size: 8M 	chunk_size: 128M 	num_reg: 8  	lose cover RAM: 0G
Feb  4 13:32:34 cu-cs-vm kernel: [    0.000000]  gran_size: 8M 	chunk_size: 256M 	num_reg: 8  	lose cover RAM: 0G
Feb  4 13:32:34 cu-cs-vm systemd[1]: Started uptime record daemon.
Feb  4 13:32:34 cu-cs-vm kernel: [    0.000000]  gran_size: 8M 	chunk_size: 512M 	num_reg: 8  	lose cover RAM: 0G
Feb  4 13:32:34 cu-cs-vm kernel: [    0.000000]  gran_size: 8M 	chunk_size: 1G 	num_reg: 8  	lose cover RAM: 0G
Feb  4 13:32:34 cu-cs-vm kernel: [    0.000000]  gran_size: 8M 	chunk_size: 2G 	num_reg: 8  	lose cover RAM: 0G
Feb  4 13:32:34 cu-cs-vm kernel: [    0.000000]  gran_size: 16M 	chunk_size: 16M 	num_reg: 8  	lose cover RAM: 0G
Feb  4 13:32:34 cu-cs-vm kernel: [    0.000000]  gran_size: 16M 	chunk_size: 32M 	num_reg: 8  	lose cover RAM: 0G
Feb  4 13:32:34 cu-cs-vm sensors[843]: No sensors found!
Feb  4 13:32:34 cu-cs-vm kernel: [    0.000000]  gran_size: 16M 	chunk_size: 64M 	num_reg: 8  	lose cover RAM: 0G
Feb  4 13:32:34 cu-cs-vm kernel: [    0.000000]  gran_size: 16M 	chunk_size: 128M 	num_reg: 8  	lose cover RAM: 0G
Feb  4 13:32:34 cu-cs-vm kernel: [    0.000000]  gran_size: 16M 	chunk_size: 256M 	num_reg: 8  	lose cover RAM: 0G
Feb  4 13:32:34 cu-cs-vm kernel: [    0.000000]  gran_size: 16M 	chunk_size: 512M 	num_reg: 8  	lose cover RAM: 0G
Feb  4 13:32:34 cu-cs-vm kernel: [    0.000000]  gran_size: 16M 	chunk_size: 1G 	num_reg: 8  	lose cover RAM: 0G
Feb  4 13:32:34 cu-cs-vm kernel: [    0.000000]  gran_size: 16M 	chunk_size: 2G 	num_reg: 8  	lose cover RAM: 0G
Feb  4 13:32:34 cu-cs-vm sensors[843]: Make sure you loaded all the kernel drivers you need.
Feb  4 13:32:34 cu-cs-vm kernel: [    0.000000]  gran_size: 32M 	chunk_size: 32M 	num_reg: 8  	lose cover RAM: 0G
Feb  4 13:32:34 cu-cs-vm kernel: [    0.000000]  gran_size: 32M 	chunk_size: 64M 	num_reg: 8  	lose cover RAM: 0G
Feb  4 13:32:34 cu-cs-vm kernel: [    0.000000]  gran_size: 32M 	chunk_size: 128M 	num_reg: 8  	lose cover RAM: 0G
Feb  4 13:32:34 cu-cs-vm kernel: [    0.000000]  gran_size: 32M 	chunk_size: 256M 	num_reg: 8  	lose cover RAM: 0G
Feb  4 13:32:34 cu-cs-vm kernel: [    0.000000]  gran_size: 32M 	chunk_size: 512M 	num_reg: 8  	lose cover RAM: 0G
Feb  4 13:32:34 cu-cs-vm kernel: [    0.000000]  gran_size: 32M 	chunk_size: 1G 	num_reg: 8  	lose cover RAM: 0G
Feb  4 13:32:34 cu-cs-vm kernel: [    0.000000]  gran_size: 32M 	chunk_size: 2G 	num_reg: 8  	lose cover RAM: 0G
Feb  4 13:32:34 cu-cs-vm sensors[843]: Try sensors-detect to find out which these are.
Feb  4 13:32:34 cu-cs-vm kernel: [    0.000000]  gran_size: 64M 	chunk_size: 64M 	num_reg: 8  	lose cover RAM: 0G
Feb  4 13:32:34 cu-cs-vm kernel: [    0.000000]  gran_size: 64M 	chunk_size: 128M 	num_reg: 8  	lose cover RAM: 0G
Feb  4 13:32:34 cu-cs-vm kernel: [    0.000000]  gran_size: 64M 	chunk_size: 256M 	num_reg: 8  	lose cover RAM: 0G
Feb  4 13:32:34 cu-cs-vm kernel: [    0.000000]  gran_size: 64M 	chunk_size: 512M 	num_reg: 8  	lose cover RAM: 0G
Feb  4 13:32:34 cu-cs-vm systemd[1]: Started ACPI event daemon.
Feb  4 13:32:34 cu-cs-vm kernel: [    0.000000]  gran_size: 64M 	chunk_size: 1G 	num_reg: 8  	lose cover RAM: 0G
Feb  4 13:32:34 cu-cs-vm kernel: [    0.000000]  gran_size: 64M 	chunk_size: 2G 	num_reg: 8  	lose cover RAM: 0G
Feb  4 13:32:34 cu-cs-vm kernel: [    0.000000]  gran_size: 128M 	chunk_size: 128M 	num_reg: 8  	lose cover RAM: 0G
Feb  4 13:32:34 cu-cs-vm kernel: [    0.000000]  gran_size: 128M 	chunk_size: 256M 	num_reg: 8  	lose cover RAM: 0G
Feb  4 13:32:34 cu-cs-vm kernel: [    0.000000]  gran_size: 128M 	chunk_size: 512M 	num_reg: 8  	lose cover RAM: 0G
Feb  4 13:32:34 cu-cs-vm systemd[1]: Started Authentication service for virtual machines hosted on VMware.
Feb  4 13:32:34 cu-cs-vm kernel: [    0.000000]  gran_size: 128M 	chunk_size: 1G 	num_reg: 8  	lose cover RAM: 0G
Feb  4 13:32:34 cu-cs-vm systemd[1]: Starting LSB: Execute the kexec -e command to reboot system...
Feb  4 13:32:34 cu-cs-vm kernel: [    0.000000]  gran_size: 128M 	chunk_size: 2G 	num_reg: 8  	lose cover RAM: 0G
Feb  4 13:32:34 cu-cs-vm kernel: [    0.000000]  gran_size: 256M 	chunk_size: 256M 	num_reg: 8  	lose cover RAM: 0G
Feb  4 13:32:34 cu-cs-vm kernel: [    0.000000]  gran_size: 256M 	chunk_size: 512M 	num_reg: 8  	lose cover RAM: 0G
Feb  4 13:32:34 cu-cs-vm kernel: [    0.000000]  gran_size: 256M 	chunk_size: 1G 	num_reg: 8  	lose cover RAM: 0G
Feb  4 13:32:34 cu-cs-vm kernel: [    0.000000]  gran_size: 256M 	chunk_size: 2G 	num_reg: 8  	lose cover RAM: 0G
Feb  4 13:32:34 cu-cs-vm kernel: [    0.000000]  gran_size: 512M 	chunk_size: 512M 	num_reg: 8  	lose cover RAM: 0G
Feb  4 13:32:34 cu-cs-vm systemd[1]: Started D-Bus System Message Bus.
Feb  4 13:32:34 cu-cs-vm kernel: [    0.000000]  gran_size: 512M 	chunk_size: 1G 	num_reg: 8  	lose cover RAM: 0G
Feb  4 13:32:34 cu-cs-vm kernel: [    0.000000]  gran_size: 512M 	chunk_size: 2G 	num_reg: 8  	lose cover RAM: 0G
Feb  4 13:32:34 cu-cs-vm kernel: [    0.000000]  gran_size: 1G 	chunk_size: 1G 	num_reg: 8  	lose cover RAM: 0G
Feb  4 13:32:34 cu-cs-vm kernel: [    0.000000]  gran_size: 1G 	chunk_size: 2G 	num_reg: 8  	lose cover RAM: 0G
Feb  4 13:32:34 cu-cs-vm kernel: [    0.000000]  gran_size: 2G 	chunk_size: 2G 	num_reg: 7  	lose cover RAM: 1G
Feb  4 13:32:34 cu-cs-vm VGAuthService[847]: ** Message: Pref_Init: Using '/etc/vmware-tools/vgauth.conf' as preferences filepath
Feb  4 13:32:34 cu-cs-vm VGAuthService[847]: ** Message: Core dump limit set to -1
Feb  4 13:32:34 cu-cs-vm kernel: [    0.000000] mtrr_cleanup: can not find optimal value
Feb  4 13:32:34 cu-cs-vm kernel: [    0.000000] please specify mtrr_gran_size/mtrr_chunk_size
Feb  4 13:32:34 cu-cs-vm kernel: [    0.000000] e820: update [mem 0xc0000000-0xffffffff] usable ==> reserved
Feb  4 13:32:34 cu-cs-vm VGAuthService[847]: ** Message: Cannot load message catalog for domain 'VGAuthService', language 'C', catalog dir '.'.
Feb  4 13:32:34 cu-cs-vm kernel: [    0.000000] e820: last_pfn = 0xc0000 max_arch_pfn = 0x400000000
Feb  4 13:32:34 cu-cs-vm kernel: [    0.000000] found SMP MP-table at [mem 0x000f6a80-0x000f6a8f] mapped at [        (ptrval)]
Feb  4 13:32:34 cu-cs-vm kernel: [    0.000000] Scanning 1 areas for low memory corruption
Feb  4 13:32:34 cu-cs-vm VGAuthService[847]: ** Message: INIT SERVICE
Feb  4 13:32:34 cu-cs-vm kernel: [    0.000000] Base memory trampoline at [        (ptrval)] 98000 size 24576
Feb  4 13:32:34 cu-cs-vm kernel: [    0.000000] Using GB pages for direct mapping
Feb  4 13:32:34 cu-cs-vm kernel: [    0.000000] BRK [0x1a1940000, 0x1a1940fff] PGTABLE
Feb  4 13:32:34 cu-cs-vm VGAuthService[847]: ** Message: Using '/var/lib/vmware/VGAuth/aliasStore' for alias store root directory
Feb  4 13:32:34 cu-cs-vm kernel: [    0.000000] BRK [0x1a1941000, 0x1a1941fff] PGTABLE
Feb  4 13:32:34 cu-cs-vm kernel: [    0.000000] BRK [0x1a1942000, 0x1a1942fff] PGTABLE
Feb  4 13:32:34 cu-cs-vm kernel: [    0.000000] BRK [0x1a1943000, 0x1a1943fff] PGTABLE
Feb  4 13:32:34 cu-cs-vm kernel: [    0.000000] BRK [0x1a1944000, 0x1a1944fff] PGTABLE
Feb  4 13:32:34 cu-cs-vm kernel: [    0.000000] BRK [0x1a1945000, 0x1a1945fff] PGTABLE
Feb  4 13:32:34 cu-cs-vm kernel: [    0.000000] RAMDISK: [mem 0x1d1d4000-0x37feffff]
Feb  4 13:32:34 cu-cs-vm VGAuthService[847]: ** Message: LoadCatalogAndSchema: Using '/etc/vmware-tools/vgauth/schemas' for SAML schemas
Feb  4 13:32:34 cu-cs-vm kernel: [    0.000000] ACPI: Early table checksum verification disabled
Feb  4 13:32:34 cu-cs-vm kernel: [    0.000000] ACPI: RSDP 0x00000000000F6A10 000024 (v02 PTLTD )
Feb  4 13:32:34 cu-cs-vm VGAuthService[847]: ** Message: LoadPrefs: Allowing 300 of clock skew for SAML date validation
Feb  4 13:32:34 cu-cs-vm VGAuthService[847]: ** Message: SAML_Init: Using xmlsec1 1.2.20 for XML signature support
Feb  4 13:32:34 cu-cs-vm VGAuthService[847]: ** Message: ServiceNetworkCreateSocketDir: Created socket directory '/var/run/vmware'
Feb  4 13:32:34 cu-cs-vm VGAuthService[847]: ** Message: BEGIN SERVICE
Feb  4 13:32:34 cu-cs-vm dbus[849]: [system] AppArmor D-Bus mediation is enabled
Feb  4 13:32:34 cu-cs-vm systemd[1]: Starting LSB: Speech Dispatcher...
Feb  4 13:32:34 cu-cs-vm systemd[1]: Starting Permit User Sessions...
Feb  4 13:32:34 cu-cs-vm systemd[1]: Started Run anacron jobs.
Feb  4 13:32:34 cu-cs-vm systemd[1]: Started CUPS Scheduler.
Feb  4 13:32:34 cu-cs-vm systemd[1]: Starting System Logging Service...
Feb  4 13:32:34 cu-cs-vm systemd[1]: Starting LSB: Set the CPU Frequency Scaling governor to "ondemand"...
Feb  4 13:32:34 cu-cs-vm systemd[1]: Starting Detect the available GPUs and deal with any system changes...
Feb  4 13:32:34 cu-cs-vm anacron[855]: Anacron 2.3 started on 2019-02-04
Feb  4 13:32:34 cu-cs-vm systemd[1]: Starting Accounts Service...
Feb  4 13:32:34 cu-cs-vm systemd[1]: Starting LSB: daemon to balance interrupts for SMP systems...
Feb  4 13:32:34 cu-cs-vm systemd[1]: Starting Avahi mDNS/DNS-SD Stack...
Feb  4 13:32:34 cu-cs-vm systemd[1]: Starting Network Manager...
Feb  4 13:32:34 cu-cs-vm systemd[1]: Starting LSB: automatic crash report generation...
Feb  4 13:32:34 cu-cs-vm acpid: starting up with netlink and the input layer
Feb  4 13:32:34 cu-cs-vm systemd[1]: Started Regular background program processing daemon.
Feb  4 13:32:34 cu-cs-vm systemd[1]: Starting Restore /etc/resolv.conf if the system crashed before the ppp link was shut down...
Feb  4 13:32:34 cu-cs-vm systemd[1]: Starting Login Service...
Feb  4 13:32:34 cu-cs-vm systemd[1]: Starting LSB: Record successful boot for GRUB...
Feb  4 13:32:34 cu-cs-vm gpu-manager[861]: /etc/modprobe.d is not a file
Feb  4 13:32:34 cu-cs-vm kernel: [    0.000000] ACPI: XSDT 0x00000000BFEDB677 000054 (v01 INTEL  440BX    06040000 VMW  01324272)
Feb  4 13:32:34 cu-cs-vm gpu-manager[861]: message repeated 4 times: [ /etc/modprobe.d is not a file]
Feb  4 13:32:34 cu-cs-vm gpu-manager[861]: Error: can't open /lib/modules/4.15.18Jerry1/updates/dkms
Feb  4 13:32:34 cu-cs-vm kernel: [    0.000000] ACPI: FACP 0x00000000BFEFEE73 0000F4 (v04 INTEL  440BX    06040000 PTL  000F4240)
Feb  4 13:32:34 cu-cs-vm kernel: [    0.000000] ACPI: DSDT 0x00000000BFEDD5F1 021882 (v01 PTLTD  Custom   06040000 MSFT 03000001)
Feb  4 13:32:34 cu-cs-vm kernel: [    0.000000] ACPI: FACS 0x00000000BFEFFFC0 000040
Feb  4 13:32:34 cu-cs-vm kernel: [    0.000000] ACPI: FACS 0x00000000BFEFFFC0 000040
Feb  4 13:32:34 cu-cs-vm kernel: [    0.000000] ACPI: BOOT 0x00000000BFEDD5C9 000028 (v01 PTLTD  $SBFTBL$ 06040000  LTP 00000001)
Feb  4 13:32:34 cu-cs-vm kernel: [    0.000000] ACPI: APIC 0x00000000BFEDC8BD 000742 (v01 PTLTD  ? APIC   06040000  LTP 00000000)
Feb  4 13:32:34 cu-cs-vm kernel: [    0.000000] ACPI: MCFG 0x00000000BFEDC881 00003C (v01 PTLTD  $PCITBL$ 06040000  LTP 00000001)
Feb  4 13:32:34 cu-cs-vm kernel: [    0.000000] ACPI: SRAT 0x00000000BFEDB72F 0008D0 (v02 VMWARE MEMPLUG  06040000 VMW  00000001)
Feb  4 13:32:34 cu-cs-vm kernel: [    0.000000] ACPI: WAET 0x00000000BFEDB707 000028 (v01 VMWARE VMW WAET 06040000 VMW  00000001)
Feb  4 13:32:34 cu-cs-vm gpu-manager[861]: Error: can't open /lib/modules/4.15.18Jerry1/updates/dkms
Feb  4 13:32:34 cu-cs-vm systemd[1]: Starting Snappy daemon...
Feb  4 13:32:34 cu-cs-vm kernel: [    0.000000] ACPI: Local APIC address 0xfee00000
Feb  4 13:32:34 cu-cs-vm kernel: [    0.000000] system APIC only can use physical flat
Feb  4 13:32:34 cu-cs-vm kernel: [    0.000000] Setting APIC routing to physical flat.
Feb  4 13:32:34 cu-cs-vm systemd[1]: Started Permit User Sessions.
Feb  4 13:32:34 cu-cs-vm kernel: [    0.000000] SRAT: PXM 0 -> APIC 0x00 -> Node 0
Feb  4 13:32:34 cu-cs-vm kernel: [    0.000000] SRAT: PXM 0 -> APIC 0x01 -> Node 0
Feb  4 13:32:34 cu-cs-vm kernel: [    0.000000] SRAT: PXM 0 -> APIC 0x02 -> Node 0
Feb  4 13:32:34 cu-cs-vm systemd[1]: Started Restore /etc/resolv.conf if the system crashed before the ppp link was shut down.
Feb  4 13:32:34 cu-cs-vm kernel: [    0.000000] SRAT: PXM 0 -> APIC 0x03 -> Node 0
Feb  4 13:32:34 cu-cs-vm kernel: [    0.000000] SRAT: PXM 0 -> APIC 0x04 -> Node 0
Feb  4 13:32:34 cu-cs-vm kernel: [    0.000000] SRAT: PXM 0 -> APIC 0x05 -> Node 0
Feb  4 13:32:34 cu-cs-vm kernel: [    0.000000] SRAT: PXM 0 -> APIC 0x06 -> Node 0
Feb  4 13:32:34 cu-cs-vm kernel: [    0.000000] SRAT: PXM 0 -> APIC 0x07 -> Node 0
Feb  4 13:32:34 cu-cs-vm sensors[901]: No sensors found!
Feb  4 13:32:34 cu-cs-vm kernel: [    0.000000] SRAT: PXM 0 -> APIC 0x08 -> Node 0
Feb  4 13:32:34 cu-cs-vm kernel: [    0.000000] SRAT: PXM 0 -> APIC 0x09 -> Node 0
Feb  4 13:32:34 cu-cs-vm kernel: [    0.000000] SRAT: PXM 0 -> APIC 0x0a -> Node 0
Feb  4 13:32:34 cu-cs-vm sensors[901]: Make sure you loaded all the kernel drivers you need.
Feb  4 13:32:34 cu-cs-vm kernel: [    0.000000] SRAT: PXM 0 -> APIC 0x0b -> Node 0
Feb  4 13:32:34 cu-cs-vm kernel: [    0.000000] SRAT: PXM 0 -> APIC 0x0c -> Node 0
Feb  4 13:32:34 cu-cs-vm kernel: [    0.000000] SRAT: PXM 0 -> APIC 0x0d -> Node 0
Feb  4 13:32:34 cu-cs-vm kernel: [    0.000000] SRAT: PXM 0 -> APIC 0x0e -> Node 0
Feb  4 13:32:34 cu-cs-vm kernel: [    0.000000] SRAT: PXM 0 -> APIC 0x0f -> Node 0
Feb  4 13:32:34 cu-cs-vm sensors[901]: Try sensors-detect to find out which these are.
Feb  4 13:32:34 cu-cs-vm kernel: [    0.000000] SRAT: PXM 0 -> APIC 0x10 -> Node 0
Feb  4 13:32:34 cu-cs-vm systemd[1]: Started Initialize hardware monitoring sensors.
Feb  4 13:32:34 cu-cs-vm kernel: [    0.000000] SRAT: PXM 0 -> APIC 0x11 -> Node 0
Feb  4 13:32:34 cu-cs-vm kernel: [    0.000000] SRAT: PXM 0 -> APIC 0x12 -> Node 0
Feb  4 13:32:34 cu-cs-vm kernel: [    0.000000] SRAT: PXM 0 -> APIC 0x13 -> Node 0
Feb  4 13:32:34 cu-cs-vm kernel: [    0.000000] SRAT: PXM 0 -> APIC 0x14 -> Node 0
Feb  4 13:32:34 cu-cs-vm kernel: [    0.000000] SRAT: PXM 0 -> APIC 0x15 -> Node 0
Feb  4 13:32:34 cu-cs-vm thermald[842]: NO RAPL sysfs present
Feb  4 13:32:34 cu-cs-vm kernel: [    0.000000] SRAT: PXM 0 -> APIC 0x16 -> Node 0
Feb  4 13:32:34 cu-cs-vm thermald[842]: 22 CPUID levels; family:model:stepping 0x6:5e:3 (6:94:3)
Feb  4 13:32:34 cu-cs-vm kernel: [    0.000000] SRAT: PXM 0 -> APIC 0x17 -> Node 0
Feb  4 13:32:34 cu-cs-vm kernel: [    0.000000] SRAT: PXM 0 -> APIC 0x18 -> Node 0
Feb  4 13:32:34 cu-cs-vm kernel: [    0.000000] SRAT: PXM 0 -> APIC 0x19 -> Node 0
Feb  4 13:32:34 cu-cs-vm kernel: [    0.000000] SRAT: PXM 0 -> APIC 0x1a -> Node 0
Feb  4 13:32:34 cu-cs-vm kernel: [    0.000000] SRAT: PXM 0 -> APIC 0x1b -> Node 0
Feb  4 13:32:34 cu-cs-vm kernel: [    0.000000] SRAT: PXM 0 -> APIC 0x1c -> Node 0
Feb  4 13:32:34 cu-cs-vm thermald[842]: Polling mode is enabled: 4
Feb  4 13:32:34 cu-cs-vm thermald[842]: Thermal DTS: No coretemp sysfs found
Feb  4 13:32:34 cu-cs-vm apport[870]:  * Starting automatic crash report generation: apport
Feb  4 13:32:34 cu-cs-vm systemd[1]: Started Thermal Daemon Service.
Feb  4 13:32:34 cu-cs-vm kernel: [    0.000000] SRAT: PXM 0 -> APIC 0x1d -> Node 0
Feb  4 13:32:34 cu-cs-vm kernel: [    0.000000] SRAT: PXM 0 -> APIC 0x1e -> Node 0
Feb  4 13:32:34 cu-cs-vm kernel: [    0.000000] SRAT: PXM 0 -> APIC 0x1f -> Node 0
Feb  4 13:32:34 cu-cs-vm acpid: 9 rules loaded
Feb  4 13:32:34 cu-cs-vm kernel: [    0.000000] SRAT: PXM 0 -> APIC 0x20 -> Node 0
Feb  4 13:32:34 cu-cs-vm kernel: [    0.000000] SRAT: PXM 0 -> APIC 0x21 -> Node 0
Feb  4 13:32:34 cu-cs-vm acpid: waiting for events: event logging is off
Feb  4 13:32:34 cu-cs-vm kernel: [    0.000000] SRAT: PXM 0 -> APIC 0x22 -> Node 0
Feb  4 13:32:34 cu-cs-vm kernel: [    0.000000] SRAT: PXM 0 -> APIC 0x23 -> Node 0
Feb  4 13:32:34 cu-cs-vm kernel: [    0.000000] SRAT: PXM 0 -> APIC 0x24 -> Node 0
Feb  4 13:32:34 cu-cs-vm kernel: [    0.000000] SRAT: PXM 0 -> APIC 0x25 -> Node 0
Feb  4 13:32:34 cu-cs-vm kernel: [    0.000000] SRAT: PXM 0 -> APIC 0x26 -> Node 0
Feb  4 13:32:34 cu-cs-vm cron[877]: (CRON) INFO (pidfile fd = 3)
Feb  4 13:32:34 cu-cs-vm kernel: [    0.000000] SRAT: PXM 0 -> APIC 0x27 -> Node 0
Feb  4 13:32:34 cu-cs-vm kernel: [    0.000000] SRAT: PXM 0 -> APIC 0x28 -> Node 0
Feb  4 13:32:34 cu-cs-vm kernel: [    0.000000] SRAT: PXM 0 -> APIC 0x29 -> Node 0
Feb  4 13:32:34 cu-cs-vm speech-dispatcher[852]:  * speech-dispatcher disabled; edit /etc/default/speech-dispatcher
Feb  4 13:32:34 cu-cs-vm kernel: [    0.000000] SRAT: PXM 0 -> APIC 0x2a -> Node 0
Feb  4 13:32:34 cu-cs-vm kernel: [    0.000000] SRAT: PXM 0 -> APIC 0x2b -> Node 0
Feb  4 13:32:34 cu-cs-vm kernel: [    0.000000] SRAT: PXM 0 -> APIC 0x2c -> Node 0
Feb  4 13:32:34 cu-cs-vm kernel: [    0.000000] SRAT: PXM 0 -> APIC 0x2d -> Node 0
Feb  4 13:32:34 cu-cs-vm systemd[1]: Started LSB: Speech Dispatcher.
Feb  4 13:32:34 cu-cs-vm kernel: [    0.000000] SRAT: PXM 0 -> APIC 0x2e -> Node 0
Feb  4 13:32:34 cu-cs-vm kernel: [    0.000000] SRAT: PXM 0 -> APIC 0x2f -> Node 0
Feb  4 13:32:34 cu-cs-vm kernel: [    0.000000] SRAT: PXM 0 -> APIC 0x30 -> Node 0
Feb  4 13:32:34 cu-cs-vm kernel: [    0.000000] SRAT: PXM 0 -> APIC 0x31 -> Node 0
Feb  4 13:32:34 cu-cs-vm irqbalance[863]:  * Starting SMP IRQ Balancer: irqbalance
Feb  4 13:32:34 cu-cs-vm kernel: [    0.000000] SRAT: PXM 0 -> APIC 0x32 -> Node 0
Feb  4 13:32:34 cu-cs-vm kernel: [    0.000000] SRAT: PXM 0 -> APIC 0x33 -> Node 0
Feb  4 13:32:34 cu-cs-vm systemd[1]: Started Login Service.
Feb  4 13:32:34 cu-cs-vm kernel: [    0.000000] SRAT: PXM 0 -> APIC 0x34 -> Node 0
Feb  4 13:32:34 cu-cs-vm kernel: [    0.000000] SRAT: PXM 0 -> APIC 0x35 -> Node 0
Feb  4 13:32:34 cu-cs-vm kernel: [    0.000000] SRAT: PXM 0 -> APIC 0x36 -> Node 0
Feb  4 13:32:34 cu-cs-vm kernel: [    0.000000] SRAT: PXM 0 -> APIC 0x37 -> Node 0
Feb  4 13:32:34 cu-cs-vm kernel: [    0.000000] SRAT: PXM 0 -> APIC 0x38 -> Node 0
Feb  4 13:32:34 cu-cs-vm kernel: [    0.000000] SRAT: PXM 0 -> APIC 0x39 -> Node 0
Feb  4 13:32:34 cu-cs-vm kernel: [    0.000000] SRAT: PXM 0 -> APIC 0x3a -> Node 0
Feb  4 13:32:34 cu-cs-vm kernel: [    0.000000] SRAT: PXM 0 -> APIC 0x3b -> Node 0
Feb  4 13:32:34 cu-cs-vm kernel: [    0.000000] SRAT: PXM 0 -> APIC 0x3c -> Node 0
Feb  4 13:32:34 cu-cs-vm kernel: [    0.000000] SRAT: PXM 0 -> APIC 0x3d -> Node 0
Feb  4 13:32:34 cu-cs-vm kernel: [    0.000000] SRAT: PXM 0 -> APIC 0x3e -> Node 0
Feb  4 13:32:34 cu-cs-vm kernel: [    0.000000] SRAT: PXM 0 -> APIC 0x3f -> Node 0
Feb  4 13:32:34 cu-cs-vm anacron[855]: Normal exit (0 jobs run)
Feb  4 13:32:34 cu-cs-vm kernel: [    0.000000] SRAT: PXM 0 -> APIC 0x40 -> Node 0
Feb  4 13:32:34 cu-cs-vm kernel: [    0.000000] SRAT: PXM 0 -> APIC 0x41 -> Node 0
Feb  4 13:32:34 cu-cs-vm kernel: [    0.000000] SRAT: PXM 0 -> APIC 0x42 -> Node 0
Feb  4 13:32:34 cu-cs-vm kernel: [    0.000000] SRAT: PXM 0 -> APIC 0x43 -> Node 0
Feb  4 13:32:34 cu-cs-vm kernel: [    0.000000] SRAT: PXM 0 -> APIC 0x44 -> Node 0
Feb  4 13:32:34 cu-cs-vm cron[877]: (CRON) INFO (Running @reboot jobs)
Feb  4 13:32:34 cu-cs-vm systemd[1]: Started LSB: Execute the kexec -e command to reboot system.
Feb  4 13:32:34 cu-cs-vm kernel: [    0.000000] SRAT: PXM 0 -> APIC 0x45 -> Node 0
Feb  4 13:32:34 cu-cs-vm kernel: [    0.000000] SRAT: PXM 0 -> APIC 0x46 -> Node 0
Feb  4 13:32:34 cu-cs-vm kernel: [    0.000000] SRAT: PXM 0 -> APIC 0x47 -> Node 0
Feb  4 13:32:34 cu-cs-vm kernel: [    0.000000] SRAT: PXM 0 -> APIC 0x48 -> Node 0
Feb  4 13:32:34 cu-cs-vm kernel: [    0.000000] SRAT: PXM 0 -> APIC 0x49 -> Node 0
Feb  4 13:32:34 cu-cs-vm systemd[1]: Starting LSB: Load kernel image with kexec...
Feb  4 13:32:34 cu-cs-vm kernel: [    0.000000] SRAT: PXM 0 -> APIC 0x4a -> Node 0
Feb  4 13:32:34 cu-cs-vm kernel: [    0.000000] SRAT: PXM 0 -> APIC 0x4b -> Node 0
Feb  4 13:32:34 cu-cs-vm kernel: [    0.000000] SRAT: PXM 0 -> APIC 0x4c -> Node 0
Feb  4 13:32:34 cu-cs-vm kernel: [    0.000000] SRAT: PXM 0 -> APIC 0x4d -> Node 0
Feb  4 13:32:34 cu-cs-vm systemd[1]: Started LSB: Load kernel image with kexec.
Feb  4 13:32:34 cu-cs-vm kernel: [    0.000000] SRAT: PXM 0 -> APIC 0x4e -> Node 0
Feb  4 13:32:34 cu-cs-vm kernel: [    0.000000] SRAT: PXM 0 -> APIC 0x4f -> Node 0
Feb  4 13:32:34 cu-cs-vm kernel: [    0.000000] SRAT: PXM 0 -> APIC 0x50 -> Node 0
Feb  4 13:32:34 cu-cs-vm thermald[842]: Thermal DTS or hwmon: No Zones present Need to configure manually
Feb  4 13:32:34 cu-cs-vm kernel: [    0.000000] SRAT: PXM 0 -> APIC 0x51 -> Node 0
Feb  4 13:32:34 cu-cs-vm kernel: [    0.000000] SRAT: PXM 0 -> APIC 0x52 -> Node 0
Feb  4 13:32:34 cu-cs-vm kernel: [    0.000000] SRAT: PXM 0 -> APIC 0x53 -> Node 0
Feb  4 13:32:34 cu-cs-vm kernel: [    0.000000] SRAT: PXM 0 -> APIC 0x54 -> Node 0
Feb  4 13:32:34 cu-cs-vm thermald[842]: No thermal sensors found
Feb  4 13:32:34 cu-cs-vm kernel: [    0.000000] SRAT: PXM 0 -> APIC 0x55 -> Node 0
Feb  4 13:32:34 cu-cs-vm kernel: [    0.000000] SRAT: PXM 0 -> APIC 0x56 -> Node 0
Feb  4 13:32:34 cu-cs-vm thermald[842]: THD engine start failed
Feb  4 13:32:34 cu-cs-vm kernel: [    0.000000] SRAT: PXM 0 -> APIC 0x57 -> Node 0
Feb  4 13:32:34 cu-cs-vm kernel: [    0.000000] SRAT: PXM 0 -> APIC 0x58 -> Node 0
Feb  4 13:32:34 cu-cs-vm kernel: [    0.000000] SRAT: PXM 0 -> APIC 0x59 -> Node 0
Feb  4 13:32:34 cu-cs-vm kernel: [    0.000000] SRAT: PXM 0 -> APIC 0x5a -> Node 0
Feb  4 13:32:34 cu-cs-vm kernel: [    0.000000] SRAT: PXM 0 -> APIC 0x5b -> Node 0
Feb  4 13:32:34 cu-cs-vm kernel: [    0.000000] SRAT: PXM 0 -> APIC 0x5c -> Node 0
Feb  4 13:32:34 cu-cs-vm systemd[1]: Started LSB: Set the CPU Frequency Scaling governor to "ondemand".
Feb  4 13:32:34 cu-cs-vm kernel: [    0.000000] SRAT: PXM 0 -> APIC 0x5d -> Node 0
Feb  4 13:32:34 cu-cs-vm apport[870]:    ...done.
Feb  4 13:32:34 cu-cs-vm kernel: [    0.000000] SRAT: PXM 0 -> APIC 0x5e -> Node 0
Feb  4 13:32:34 cu-cs-vm kernel: [    0.000000] SRAT: PXM 0 -> APIC 0x5f -> Node 0
Feb  4 13:32:34 cu-cs-vm kernel: [    0.000000] SRAT: PXM 0 -> APIC 0x60 -> Node 0
Feb  4 13:32:34 cu-cs-vm kernel: [    0.000000] SRAT: PXM 0 -> APIC 0x61 -> Node 0
Feb  4 13:32:34 cu-cs-vm kernel: [    0.000000] SRAT: PXM 0 -> APIC 0x62 -> Node 0
Feb  4 13:32:34 cu-cs-vm systemd[1]: Started LSB: automatic crash report generation.
Feb  4 13:32:34 cu-cs-vm kernel: [    0.000000] SRAT: PXM 0 -> APIC 0x63 -> Node 0
Feb  4 13:32:34 cu-cs-vm kernel: [    0.000000] SRAT: PXM 0 -> APIC 0x64 -> Node 0
Feb  4 13:32:34 cu-cs-vm kernel: [    0.000000] SRAT: PXM 0 -> APIC 0x65 -> Node 0
Feb  4 13:32:34 cu-cs-vm kernel: [    0.000000] SRAT: PXM 0 -> APIC 0x66 -> Node 0
Feb  4 13:32:34 cu-cs-vm kernel: [    0.000000] SRAT: PXM 0 -> APIC 0x67 -> Node 0
Feb  4 13:32:34 cu-cs-vm irqbalance[863]:    ...done.
Feb  4 13:32:34 cu-cs-vm kernel: [    0.000000] SRAT: PXM 0 -> APIC 0x68 -> Node 0
Feb  4 13:32:34 cu-cs-vm kernel: [    0.000000] SRAT: PXM 0 -> APIC 0x69 -> Node 0
Feb  4 13:32:34 cu-cs-vm kernel: [    0.000000] SRAT: PXM 0 -> APIC 0x6a -> Node 0
Feb  4 13:32:34 cu-cs-vm systemd[1]: Started LSB: daemon to balance interrupts for SMP systems.
Feb  4 13:32:34 cu-cs-vm kernel: [    0.000000] SRAT: PXM 0 -> APIC 0x6b -> Node 0
Feb  4 13:32:34 cu-cs-vm kernel: [    0.000000] SRAT: PXM 0 -> APIC 0x6c -> Node 0
Feb  4 13:32:34 cu-cs-vm kernel: [    0.000000] SRAT: PXM 0 -> APIC 0x6d -> Node 0
Feb  4 13:32:34 cu-cs-vm avahi-daemon[864]: Found user 'avahi' (UID 111) and group 'avahi' (GID 120).
Feb  4 13:32:34 cu-cs-vm kernel: [    0.000000] SRAT: PXM 0 -> APIC 0x6e -> Node 0
Feb  4 13:32:34 cu-cs-vm kernel: [    0.000000] SRAT: PXM 0 -> APIC 0x6f -> Node 0
Feb  4 13:32:34 cu-cs-vm kernel: [    0.000000] SRAT: PXM 0 -> APIC 0x70 -> Node 0
Feb  4 13:32:34 cu-cs-vm kernel: [    0.000000] SRAT: PXM 0 -> APIC 0x71 -> Node 0
Feb  4 13:32:34 cu-cs-vm kernel: [    0.000000] SRAT: PXM 0 -> APIC 0x72 -> Node 0
Feb  4 13:32:34 cu-cs-vm kernel: [    0.000000] SRAT: PXM 0 -> APIC 0x73 -> Node 0
Feb  4 13:32:34 cu-cs-vm avahi-daemon[864]: Successfully dropped root privileges.
Feb  4 13:32:34 cu-cs-vm kernel: [    0.000000] SRAT: PXM 0 -> APIC 0x74 -> Node 0
Feb  4 13:32:34 cu-cs-vm kernel: [    0.000000] SRAT: PXM 0 -> APIC 0x75 -> Node 0
Feb  4 13:32:34 cu-cs-vm kernel: [    0.000000] SRAT: PXM 0 -> APIC 0x76 -> Node 0
Feb  4 13:32:34 cu-cs-vm avahi-daemon[864]: avahi-daemon 0.6.32-rc starting up.
Feb  4 13:32:34 cu-cs-vm kernel: [    0.000000] SRAT: PXM 0 -> APIC 0x77 -> Node 0
Feb  4 13:32:34 cu-cs-vm kernel: [    0.000000] SRAT: PXM 0 -> APIC 0x78 -> Node 0
Feb  4 13:32:34 cu-cs-vm kernel: [    0.000000] SRAT: PXM 0 -> APIC 0x79 -> Node 0
Feb  4 13:32:34 cu-cs-vm gpu-manager[861]: update-alternatives: error: no alternatives for x86_64-linux-gnu_gfxcore_conf
Feb  4 13:32:34 cu-cs-vm systemd[1]: Started Detect the available GPUs and deal with any system changes.
Feb  4 13:32:34 cu-cs-vm systemd[1]: Starting Light Display Manager...
Feb  4 13:32:34 cu-cs-vm kernel: [    0.000000] SRAT: PXM 0 -> APIC 0x7a -> Node 0
Feb  4 13:32:34 cu-cs-vm systemd[1]: Started LSB: Record successful boot for GRUB.
Feb  4 13:32:34 cu-cs-vm kernel: [    0.000000] SRAT: PXM 0 -> APIC 0x7b -> Node 0
Feb  4 13:32:34 cu-cs-vm kernel: [    0.000000] SRAT: PXM 0 -> APIC 0x7c -> Node 0
Feb  4 13:32:34 cu-cs-vm kernel: [    0.000000] SRAT: PXM 0 -> APIC 0x7d -> Node 0
Feb  4 13:32:34 cu-cs-vm kernel: [    0.000000] SRAT: PXM 0 -> APIC 0x7e -> Node 0
Feb  4 13:32:34 cu-cs-vm kernel: [    0.000000] SRAT: PXM 0 -> APIC 0x7f -> Node 0
Feb  4 13:32:34 cu-cs-vm systemd[1]: Started Avahi mDNS/DNS-SD Stack.
Feb  4 13:32:34 cu-cs-vm kernel: [    0.000000] ACPI: SRAT: Node 0 PXM 0 [mem 0x00000000-0x0009ffff]
Feb  4 13:32:34 cu-cs-vm avahi-daemon[864]: Successfully called chroot().
Feb  4 13:32:34 cu-cs-vm kernel: [    0.000000] ACPI: SRAT: Node 0 PXM 0 [mem 0x00100000-0xbfffffff]
Feb  4 13:32:34 cu-cs-vm kernel: [    0.000000] ACPI: SRAT: Node 0 PXM 0 [mem 0x100000000-0x23fffffff]
Feb  4 13:32:34 cu-cs-vm avahi-daemon[864]: Successfully dropped remaining capabilities.
Feb  4 13:32:34 cu-cs-vm systemd[1]: Started Make remote CUPS printers available locally.
Feb  4 13:32:34 cu-cs-vm avahi-daemon[864]: No service file found in /etc/avahi/services.
Feb  4 13:32:34 cu-cs-vm avahi-daemon[864]: Network interface enumeration completed.
Feb  4 13:32:34 cu-cs-vm avahi-daemon[864]: Server startup complete. Host name is cu-cs-vm.local. Local service cookie is 571060934.
Feb  4 13:32:34 cu-cs-vm systemd[1]: Started System Logging Service.
Feb  4 13:32:34 cu-cs-vm kernel: [    0.000000] ACPI: SRAT: Node 0 PXM 0 [mem 0x240000000-0x203fffffff] hotplug
Feb  4 13:32:34 cu-cs-vm kernel: [    0.000000] NUMA: Node 0 [mem 0x00000000-0x0009ffff] + [mem 0x00100000-0xbfffffff] -> [mem 0x00000000-0xbfffffff]
Feb  4 13:32:34 cu-cs-vm kernel: [    0.000000] NUMA: Node 0 [mem 0x00000000-0xbfffffff] + [mem 0x100000000-0x23fffffff] -> [mem 0x00000000-0x23fffffff]
Feb  4 13:32:34 cu-cs-vm kernel: [    0.000000] NODE_DATA(0) allocated [mem 0x23ffd5000-0x23fffffff]
Feb  4 13:32:34 cu-cs-vm kernel: [    0.000000] Zone ranges:
Feb  4 13:32:34 cu-cs-vm kernel: [    0.000000]   DMA      [mem 0x0000000000001000-0x0000000000ffffff]
Feb  4 13:32:34 cu-cs-vm kernel: [    0.000000]   DMA32    [mem 0x0000000001000000-0x00000000ffffffff]
Feb  4 13:32:34 cu-cs-vm kernel: [    0.000000]   Normal   [mem 0x0000000100000000-0x000000023fffffff]
Feb  4 13:32:34 cu-cs-vm kernel: [    0.000000]   Device   empty
Feb  4 13:32:34 cu-cs-vm kernel: [    0.000000] Movable zone start for each node
Feb  4 13:32:34 cu-cs-vm kernel: [    0.000000] Early memory node ranges
Feb  4 13:32:34 cu-cs-vm kernel: [    0.000000]   node   0: [mem 0x0000000000001000-0x000000000009dfff]
Feb  4 13:32:34 cu-cs-vm kernel: [    0.000000]   node   0: [mem 0x0000000000100000-0x00000000bfecffff]
Feb  4 13:32:34 cu-cs-vm kernel: [    0.000000]   node   0: [mem 0x00000000bff00000-0x00000000bfffffff]
Feb  4 13:32:34 cu-cs-vm kernel: [    0.000000]   node   0: [mem 0x0000000100000000-0x000000023fffffff]
Feb  4 13:32:34 cu-cs-vm kernel: [    0.000000] Initmem setup node 0 [mem 0x0000000000001000-0x000000023fffffff]
Feb  4 13:32:34 cu-cs-vm kernel: [    0.000000] On node 0 totalpages: 2097005
Feb  4 13:32:34 cu-cs-vm kernel: [    0.000000]   DMA zone: 64 pages used for memmap
Feb  4 13:32:34 cu-cs-vm kernel: [    0.000000]   DMA zone: 21 pages reserved
Feb  4 13:32:34 cu-cs-vm kernel: [    0.000000]   DMA zone: 3997 pages, LIFO batch:0
Feb  4 13:32:34 cu-cs-vm kernel: [    0.000000]   DMA32 zone: 12224 pages used for memmap
Feb  4 13:32:34 cu-cs-vm kernel: [    0.000000]   DMA32 zone: 782288 pages, LIFO batch:31
Feb  4 13:32:34 cu-cs-vm kernel: [    0.000000]   Normal zone: 20480 pages used for memmap
Feb  4 13:32:34 cu-cs-vm kernel: [    0.000000]   Normal zone: 1310720 pages, LIFO batch:31
Feb  4 13:32:34 cu-cs-vm kernel: [    0.000000] Reserved but unavailable: 99 pages
Feb  4 13:32:34 cu-cs-vm kernel: [    0.000000] ACPI: PM-Timer IO Port: 0x1008
Feb  4 13:32:34 cu-cs-vm kernel: [    0.000000] ACPI: Local APIC address 0xfee00000
Feb  4 13:32:34 cu-cs-vm kernel: [    0.000000] system APIC only can use physical flat
Feb  4 13:32:34 cu-cs-vm kernel: [    0.000000] ACPI: LAPIC_NMI (acpi_id[0x00] high edge lint[0x1])
Feb  4 13:32:34 cu-cs-vm kernel: [    0.000000] ACPI: LAPIC_NMI (acpi_id[0x01] high edge lint[0x1])
Feb  4 13:32:34 cu-cs-vm kernel: [    0.000000] ACPI: LAPIC_NMI (acpi_id[0x02] high edge lint[0x1])
Feb  4 13:32:34 cu-cs-vm kernel: [    0.000000] ACPI: LAPIC_NMI (acpi_id[0x03] high edge lint[0x1])
Feb  4 13:32:34 cu-cs-vm kernel: [    0.000000] ACPI: LAPIC_NMI (acpi_id[0x04] high edge lint[0x1])
Feb  4 13:32:34 cu-cs-vm kernel: [    0.000000] ACPI: LAPIC_NMI (acpi_id[0x05] high edge lint[0x1])
Feb  4 13:32:34 cu-cs-vm kernel: [    0.000000] ACPI: LAPIC_NMI (acpi_id[0x06] high edge lint[0x1])
Feb  4 13:32:34 cu-cs-vm kernel: [    0.000000] ACPI: LAPIC_NMI (acpi_id[0x07] high edge lint[0x1])
Feb  4 13:32:34 cu-cs-vm kernel: [    0.000000] ACPI: LAPIC_NMI (acpi_id[0x08] high edge lint[0x1])
Feb  4 13:32:34 cu-cs-vm kernel: [    0.000000] ACPI: LAPIC_NMI (acpi_id[0x09] high edge lint[0x1])
Feb  4 13:32:34 cu-cs-vm kernel: [    0.000000] ACPI: LAPIC_NMI (acpi_id[0x0a] high edge lint[0x1])
Feb  4 13:32:34 cu-cs-vm kernel: [    0.000000] ACPI: LAPIC_NMI (acpi_id[0x0b] high edge lint[0x1])
Feb  4 13:32:34 cu-cs-vm kernel: [    0.000000] ACPI: LAPIC_NMI (acpi_id[0x0c] high edge lint[0x1])
Feb  4 13:32:34 cu-cs-vm kernel: [    0.000000] ACPI: LAPIC_NMI (acpi_id[0x0d] high edge lint[0x1])
Feb  4 13:32:34 cu-cs-vm kernel: [    0.000000] ACPI: LAPIC_NMI (acpi_id[0x0e] high edge lint[0x1])
Feb  4 13:32:34 cu-cs-vm kernel: [    0.000000] ACPI: LAPIC_NMI (acpi_id[0x0f] high edge lint[0x1])
Feb  4 13:32:34 cu-cs-vm kernel: [    0.000000] ACPI: LAPIC_NMI (acpi_id[0x10] high edge lint[0x1])
Feb  4 13:32:34 cu-cs-vm kernel: [    0.000000] ACPI: LAPIC_NMI (acpi_id[0x11] high edge lint[0x1])
Feb  4 13:32:34 cu-cs-vm kernel: [    0.000000] ACPI: LAPIC_NMI (acpi_id[0x12] high edge lint[0x1])
Feb  4 13:32:34 cu-cs-vm kernel: [    0.000000] ACPI: LAPIC_NMI (acpi_id[0x13] high edge lint[0x1])
Feb  4 13:32:34 cu-cs-vm kernel: [    0.000000] ACPI: LAPIC_NMI (acpi_id[0x14] high edge lint[0x1])
Feb  4 13:32:34 cu-cs-vm kernel: [    0.000000] ACPI: LAPIC_NMI (acpi_id[0x15] high edge lint[0x1])
Feb  4 13:32:34 cu-cs-vm kernel: [    0.000000] ACPI: LAPIC_NMI (acpi_id[0x16] high edge lint[0x1])
Feb  4 13:32:34 cu-cs-vm kernel: [    0.000000] ACPI: LAPIC_NMI (acpi_id[0x17] high edge lint[0x1])
Feb  4 13:32:34 cu-cs-vm kernel: [    0.000000] ACPI: LAPIC_NMI (acpi_id[0x18] high edge lint[0x1])
Feb  4 13:32:34 cu-cs-vm kernel: [    0.000000] ACPI: LAPIC_NMI (acpi_id[0x19] high edge lint[0x1])
Feb  4 13:32:34 cu-cs-vm kernel: [    0.000000] ACPI: LAPIC_NMI (acpi_id[0x1a] high edge lint[0x1])
Feb  4 13:32:34 cu-cs-vm kernel: [    0.000000] ACPI: LAPIC_NMI (acpi_id[0x1b] high edge lint[0x1])
Feb  4 13:32:34 cu-cs-vm kernel: [    0.000000] ACPI: LAPIC_NMI (acpi_id[0x1c] high edge lint[0x1])
Feb  4 13:32:34 cu-cs-vm kernel: [    0.000000] ACPI: LAPIC_NMI (acpi_id[0x1d] high edge lint[0x1])
Feb  4 13:32:34 cu-cs-vm kernel: [    0.000000] ACPI: LAPIC_NMI (acpi_id[0x1e] high edge lint[0x1])
Feb  4 13:32:34 cu-cs-vm kernel: [    0.000000] ACPI: LAPIC_NMI (acpi_id[0x1f] high edge lint[0x1])
Feb  4 13:32:34 cu-cs-vm kernel: [    0.000000] ACPI: LAPIC_NMI (acpi_id[0x20] high edge lint[0x1])
Feb  4 13:32:34 cu-cs-vm kernel: [    0.000000] ACPI: LAPIC_NMI (acpi_id[0x21] high edge lint[0x1])
Feb  4 13:32:34 cu-cs-vm kernel: [    0.000000] ACPI: LAPIC_NMI (acpi_id[0x22] high edge lint[0x1])
Feb  4 13:32:34 cu-cs-vm kernel: [    0.000000] ACPI: LAPIC_NMI (acpi_id[0x23] high edge lint[0x1])
Feb  4 13:32:34 cu-cs-vm kernel: [    0.000000] ACPI: LAPIC_NMI (acpi_id[0x24] high edge lint[0x1])
Feb  4 13:32:34 cu-cs-vm kernel: [    0.000000] ACPI: LAPIC_NMI (acpi_id[0x25] high edge lint[0x1])
Feb  4 13:32:34 cu-cs-vm kernel: [    0.000000] ACPI: LAPIC_NMI (acpi_id[0x26] high edge lint[0x1])
Feb  4 13:32:34 cu-cs-vm kernel: [    0.000000] ACPI: LAPIC_NMI (acpi_id[0x27] high edge lint[0x1])
Feb  4 13:32:34 cu-cs-vm kernel: [    0.000000] ACPI: LAPIC_NMI (acpi_id[0x28] high edge lint[0x1])
Feb  4 13:32:34 cu-cs-vm kernel: [    0.000000] ACPI: LAPIC_NMI (acpi_id[0x29] high edge lint[0x1])
Feb  4 13:32:34 cu-cs-vm kernel: [    0.000000] ACPI: LAPIC_NMI (acpi_id[0x2a] high edge lint[0x1])
Feb  4 13:32:34 cu-cs-vm kernel: [    0.000000] ACPI: LAPIC_NMI (acpi_id[0x2b] high edge lint[0x1])
Feb  4 13:32:34 cu-cs-vm kernel: [    0.000000] ACPI: LAPIC_NMI (acpi_id[0x2c] high edge lint[0x1])
Feb  4 13:32:34 cu-cs-vm kernel: [    0.000000] ACPI: LAPIC_NMI (acpi_id[0x2d] high edge lint[0x1])
Feb  4 13:32:34 cu-cs-vm kernel: [    0.000000] ACPI: LAPIC_NMI (acpi_id[0x2e] high edge lint[0x1])
Feb  4 13:32:34 cu-cs-vm kernel: [    0.000000] ACPI: LAPIC_NMI (acpi_id[0x2f] high edge lint[0x1])
Feb  4 13:32:34 cu-cs-vm kernel: [    0.000000] ACPI: LAPIC_NMI (acpi_id[0x30] high edge lint[0x1])
Feb  4 13:32:34 cu-cs-vm kernel: [    0.000000] ACPI: LAPIC_NMI (acpi_id[0x31] high edge lint[0x1])
Feb  4 13:32:34 cu-cs-vm kernel: [    0.000000] ACPI: LAPIC_NMI (acpi_id[0x32] high edge lint[0x1])
Feb  4 13:32:34 cu-cs-vm kernel: [    0.000000] ACPI: LAPIC_NMI (acpi_id[0x33] high edge lint[0x1])
Feb  4 13:32:34 cu-cs-vm kernel: [    0.000000] ACPI: LAPIC_NMI (acpi_id[0x34] high edge lint[0x1])
Feb  4 13:32:34 cu-cs-vm kernel: [    0.000000] ACPI: LAPIC_NMI (acpi_id[0x35] high edge lint[0x1])
Feb  4 13:32:34 cu-cs-vm kernel: [    0.000000] ACPI: LAPIC_NMI (acpi_id[0x36] high edge lint[0x1])
Feb  4 13:32:34 cu-cs-vm kernel: [    0.000000] ACPI: LAPIC_NMI (acpi_id[0x37] high edge lint[0x1])
Feb  4 13:32:34 cu-cs-vm kernel: [    0.000000] ACPI: LAPIC_NMI (acpi_id[0x38] high edge lint[0x1])
Feb  4 13:32:34 cu-cs-vm kernel: [    0.000000] ACPI: LAPIC_NMI (acpi_id[0x39] high edge lint[0x1])
Feb  4 13:32:34 cu-cs-vm kernel: [    0.000000] ACPI: LAPIC_NMI (acpi_id[0x3a] high edge lint[0x1])
Feb  4 13:32:34 cu-cs-vm kernel: [    0.000000] ACPI: LAPIC_NMI (acpi_id[0x3b] high edge lint[0x1])
Feb  4 13:32:34 cu-cs-vm kernel: [    0.000000] ACPI: LAPIC_NMI (acpi_id[0x3c] high edge lint[0x1])
Feb  4 13:32:34 cu-cs-vm kernel: [    0.000000] ACPI: LAPIC_NMI (acpi_id[0x3d] high edge lint[0x1])
Feb  4 13:32:34 cu-cs-vm kernel: [    0.000000] ACPI: LAPIC_NMI (acpi_id[0x3e] high edge lint[0x1])
Feb  4 13:32:34 cu-cs-vm kernel: [    0.000000] ACPI: LAPIC_NMI (acpi_id[0x3f] high edge lint[0x1])
Feb  4 13:32:34 cu-cs-vm kernel: [    0.000000] ACPI: LAPIC_NMI (acpi_id[0x40] high edge lint[0x1])
Feb  4 13:32:34 cu-cs-vm kernel: [    0.000000] ACPI: LAPIC_NMI (acpi_id[0x41] high edge lint[0x1])
Feb  4 13:32:34 cu-cs-vm kernel: [    0.000000] ACPI: LAPIC_NMI (acpi_id[0x42] high edge lint[0x1])
Feb  4 13:32:34 cu-cs-vm kernel: [    0.000000] ACPI: LAPIC_NMI (acpi_id[0x43] high edge lint[0x1])
Feb  4 13:32:34 cu-cs-vm kernel: [    0.000000] ACPI: LAPIC_NMI (acpi_id[0x44] high edge lint[0x1])
Feb  4 13:32:34 cu-cs-vm kernel: [    0.000000] ACPI: LAPIC_NMI (acpi_id[0x45] high edge lint[0x1])
Feb  4 13:32:34 cu-cs-vm kernel: [    0.000000] ACPI: LAPIC_NMI (acpi_id[0x46] high edge lint[0x1])
Feb  4 13:32:34 cu-cs-vm kernel: [    0.000000] ACPI: LAPIC_NMI (acpi_id[0x47] high edge lint[0x1])
Feb  4 13:32:34 cu-cs-vm kernel: [    0.000000] ACPI: LAPIC_NMI (acpi_id[0x48] high edge lint[0x1])
Feb  4 13:32:34 cu-cs-vm kernel: [    0.000000] ACPI: LAPIC_NMI (acpi_id[0x49] high edge lint[0x1])
Feb  4 13:32:34 cu-cs-vm kernel: [    0.000000] ACPI: LAPIC_NMI (acpi_id[0x4a] high edge lint[0x1])
Feb  4 13:32:34 cu-cs-vm kernel: [    0.000000] ACPI: LAPIC_NMI (acpi_id[0x4b] high edge lint[0x1])
Feb  4 13:32:34 cu-cs-vm kernel: [    0.000000] ACPI: LAPIC_NMI (acpi_id[0x4c] high edge lint[0x1])
Feb  4 13:32:34 cu-cs-vm kernel: [    0.000000] ACPI: LAPIC_NMI (acpi_id[0x4d] high edge lint[0x1])
Feb  4 13:32:34 cu-cs-vm kernel: [    0.000000] ACPI: LAPIC_NMI (acpi_id[0x4e] high edge lint[0x1])
Feb  4 13:32:34 cu-cs-vm kernel: [    0.000000] ACPI: LAPIC_NMI (acpi_id[0x4f] high edge lint[0x1])
Feb  4 13:32:34 cu-cs-vm kernel: [    0.000000] ACPI: LAPIC_NMI (acpi_id[0x50] high edge lint[0x1])
Feb  4 13:32:34 cu-cs-vm kernel: [    0.000000] ACPI: LAPIC_NMI (acpi_id[0x51] high edge lint[0x1])
Feb  4 13:32:34 cu-cs-vm kernel: [    0.000000] ACPI: LAPIC_NMI (acpi_id[0x52] high edge lint[0x1])
Feb  4 13:32:34 cu-cs-vm kernel: [    0.000000] ACPI: LAPIC_NMI (acpi_id[0x53] high edge lint[0x1])
Feb  4 13:32:34 cu-cs-vm kernel: [    0.000000] ACPI: LAPIC_NMI (acpi_id[0x54] high edge lint[0x1])
Feb  4 13:32:34 cu-cs-vm kernel: [    0.000000] ACPI: LAPIC_NMI (acpi_id[0x55] high edge lint[0x1])
Feb  4 13:32:34 cu-cs-vm kernel: [    0.000000] ACPI: LAPIC_NMI (acpi_id[0x56] high edge lint[0x1])
Feb  4 13:32:34 cu-cs-vm kernel: [    0.000000] ACPI: LAPIC_NMI (acpi_id[0x57] high edge lint[0x1])
Feb  4 13:32:34 cu-cs-vm kernel: [    0.000000] ACPI: LAPIC_NMI (acpi_id[0x58] high edge lint[0x1])
Feb  4 13:32:34 cu-cs-vm kernel: [    0.000000] ACPI: LAPIC_NMI (acpi_id[0x59] high edge lint[0x1])
Feb  4 13:32:34 cu-cs-vm kernel: [    0.000000] ACPI: LAPIC_NMI (acpi_id[0x5a] high edge lint[0x1])
Feb  4 13:32:34 cu-cs-vm kernel: [    0.000000] ACPI: LAPIC_NMI (acpi_id[0x5b] high edge lint[0x1])
Feb  4 13:32:34 cu-cs-vm kernel: [    0.000000] ACPI: LAPIC_NMI (acpi_id[0x5c] high edge lint[0x1])
Feb  4 13:32:34 cu-cs-vm kernel: [    0.000000] ACPI: LAPIC_NMI (acpi_id[0x5d] high edge lint[0x1])
Feb  4 13:32:34 cu-cs-vm kernel: [    0.000000] ACPI: LAPIC_NMI (acpi_id[0x5e] high edge lint[0x1])
Feb  4 13:32:34 cu-cs-vm kernel: [    0.000000] ACPI: LAPIC_NMI (acpi_id[0x5f] high edge lint[0x1])
Feb  4 13:32:34 cu-cs-vm kernel: [    0.000000] ACPI: LAPIC_NMI (acpi_id[0x60] high edge lint[0x1])
Feb  4 13:32:34 cu-cs-vm kernel: [    0.000000] ACPI: LAPIC_NMI (acpi_id[0x61] high edge lint[0x1])
Feb  4 13:32:34 cu-cs-vm kernel: [    0.000000] ACPI: LAPIC_NMI (acpi_id[0x62] high edge lint[0x1])
Feb  4 13:32:34 cu-cs-vm kernel: [    0.000000] ACPI: LAPIC_NMI (acpi_id[0x63] high edge lint[0x1])
Feb  4 13:32:34 cu-cs-vm kernel: [    0.000000] ACPI: LAPIC_NMI (acpi_id[0x64] high edge lint[0x1])
Feb  4 13:32:34 cu-cs-vm kernel: [    0.000000] ACPI: LAPIC_NMI (acpi_id[0x65] high edge lint[0x1])
Feb  4 13:32:34 cu-cs-vm kernel: [    0.000000] ACPI: LAPIC_NMI (acpi_id[0x66] high edge lint[0x1])
Feb  4 13:32:34 cu-cs-vm kernel: [    0.000000] ACPI: LAPIC_NMI (acpi_id[0x67] high edge lint[0x1])
Feb  4 13:32:34 cu-cs-vm kernel: [    0.000000] ACPI: LAPIC_NMI (acpi_id[0x68] high edge lint[0x1])
Feb  4 13:32:34 cu-cs-vm kernel: [    0.000000] ACPI: LAPIC_NMI (acpi_id[0x69] high edge lint[0x1])
Feb  4 13:32:34 cu-cs-vm kernel: [    0.000000] ACPI: LAPIC_NMI (acpi_id[0x6a] high edge lint[0x1])
Feb  4 13:32:34 cu-cs-vm kernel: [    0.000000] ACPI: LAPIC_NMI (acpi_id[0x6b] high edge lint[0x1])
Feb  4 13:32:34 cu-cs-vm kernel: [    0.000000] ACPI: LAPIC_NMI (acpi_id[0x6c] high edge lint[0x1])
Feb  4 13:32:34 cu-cs-vm kernel: [    0.000000] ACPI: LAPIC_NMI (acpi_id[0x6d] high edge lint[0x1])
Feb  4 13:32:34 cu-cs-vm kernel: [    0.000000] ACPI: LAPIC_NMI (acpi_id[0x6e] high edge lint[0x1])
Feb  4 13:32:34 cu-cs-vm kernel: [    0.000000] ACPI: LAPIC_NMI (acpi_id[0x6f] high edge lint[0x1])
Feb  4 13:32:34 cu-cs-vm kernel: [    0.000000] ACPI: LAPIC_NMI (acpi_id[0x70] high edge lint[0x1])
Feb  4 13:32:34 cu-cs-vm kernel: [    0.000000] ACPI: LAPIC_NMI (acpi_id[0x71] high edge lint[0x1])
Feb  4 13:32:34 cu-cs-vm kernel: [    0.000000] ACPI: LAPIC_NMI (acpi_id[0x72] high edge lint[0x1])
Feb  4 13:32:34 cu-cs-vm kernel: [    0.000000] ACPI: LAPIC_NMI (acpi_id[0x73] high edge lint[0x1])
Feb  4 13:32:34 cu-cs-vm kernel: [    0.000000] ACPI: LAPIC_NMI (acpi_id[0x74] high edge lint[0x1])
Feb  4 13:32:34 cu-cs-vm kernel: [    0.000000] ACPI: LAPIC_NMI (acpi_id[0x75] high edge lint[0x1])
Feb  4 13:32:34 cu-cs-vm kernel: [    0.000000] ACPI: LAPIC_NMI (acpi_id[0x76] high edge lint[0x1])
Feb  4 13:32:34 cu-cs-vm kernel: [    0.000000] ACPI: LAPIC_NMI (acpi_id[0x77] high edge lint[0x1])
Feb  4 13:32:34 cu-cs-vm kernel: [    0.000000] ACPI: LAPIC_NMI (acpi_id[0x78] high edge lint[0x1])
Feb  4 13:32:34 cu-cs-vm kernel: [    0.000000] ACPI: LAPIC_NMI (acpi_id[0x79] high edge lint[0x1])
Feb  4 13:32:34 cu-cs-vm kernel: [    0.000000] ACPI: LAPIC_NMI (acpi_id[0x7a] high edge lint[0x1])
Feb  4 13:32:34 cu-cs-vm kernel: [    0.000000] ACPI: LAPIC_NMI (acpi_id[0x7b] high edge lint[0x1])
Feb  4 13:32:34 cu-cs-vm kernel: [    0.000000] ACPI: LAPIC_NMI (acpi_id[0x7c] high edge lint[0x1])
Feb  4 13:32:34 cu-cs-vm kernel: [    0.000000] ACPI: LAPIC_NMI (acpi_id[0x7d] high edge lint[0x1])
Feb  4 13:32:34 cu-cs-vm kernel: [    0.000000] ACPI: LAPIC_NMI (acpi_id[0x7e] high edge lint[0x1])
Feb  4 13:32:34 cu-cs-vm kernel: [    0.000000] ACPI: LAPIC_NMI (acpi_id[0x7f] high edge lint[0x1])
Feb  4 13:32:34 cu-cs-vm kernel: [    0.000000] IOAPIC[0]: apic_id 128, version 17, address 0xfec00000, GSI 0-23
Feb  4 13:32:34 cu-cs-vm kernel: [    0.000000] ACPI: INT_SRC_OVR (bus 0 bus_irq 0 global_irq 2 high edge)
Feb  4 13:32:34 cu-cs-vm kernel: [    0.000000] ACPI: IRQ0 used by override.
Feb  4 13:32:34 cu-cs-vm kernel: [    0.000000] ACPI: IRQ9 used by override.
Feb  4 13:32:34 cu-cs-vm kernel: [    0.000000] Using ACPI (MADT) for SMP configuration information
Feb  4 13:32:34 cu-cs-vm kernel: [    0.000000] smpboot: Allowing 128 CPUs, 120 hotplug CPUs
Feb  4 13:32:34 cu-cs-vm kernel: [    0.000000] PM: Registered nosave memory: [mem 0x00000000-0x00000fff]
Feb  4 13:32:34 cu-cs-vm kernel: [    0.000000] PM: Registered nosave memory: [mem 0x0009e000-0x0009efff]
Feb  4 13:32:34 cu-cs-vm kernel: [    0.000000] PM: Registered nosave memory: [mem 0x0009f000-0x0009ffff]
Feb  4 13:32:34 cu-cs-vm kernel: [    0.000000] PM: Registered nosave memory: [mem 0x000a0000-0x000dbfff]
Feb  4 13:32:34 cu-cs-vm kernel: [    0.000000] PM: Registered nosave memory: [mem 0x000dc000-0x000fffff]
Feb  4 13:32:34 cu-cs-vm kernel: [    0.000000] PM: Registered nosave memory: [mem 0xbfed0000-0xbfefefff]
Feb  4 13:32:34 cu-cs-vm kernel: [    0.000000] PM: Registered nosave memory: [mem 0xbfeff000-0xbfefffff]
Feb  4 13:32:34 cu-cs-vm kernel: [    0.000000] PM: Registered nosave memory: [mem 0xc0000000-0xefffffff]
Feb  4 13:32:34 cu-cs-vm kernel: [    0.000000] PM: Registered nosave memory: [mem 0xf0000000-0xf7ffffff]
Feb  4 13:32:34 cu-cs-vm kernel: [    0.000000] PM: Registered nosave memory: [mem 0xf8000000-0xfebfffff]
Feb  4 13:32:34 cu-cs-vm kernel: [    0.000000] PM: Registered nosave memory: [mem 0xfec00000-0xfec0ffff]
Feb  4 13:32:34 cu-cs-vm kernel: [    0.000000] PM: Registered nosave memory: [mem 0xfec10000-0xfedfffff]
Feb  4 13:32:34 cu-cs-vm kernel: [    0.000000] PM: Registered nosave memory: [mem 0xfee00000-0xfee00fff]
Feb  4 13:32:34 cu-cs-vm kernel: [    0.000000] PM: Registered nosave memory: [mem 0xfee01000-0xfffdffff]
Feb  4 13:32:34 cu-cs-vm kernel: [    0.000000] PM: Registered nosave memory: [mem 0xfffe0000-0xffffffff]
Feb  4 13:32:34 cu-cs-vm kernel: [    0.000000] e820: [mem 0xc0000000-0xefffffff] available for PCI devices
Feb  4 13:32:34 cu-cs-vm kernel: [    0.000000] Booting paravirtualized kernel on VMware hypervisor
Feb  4 13:32:34 cu-cs-vm kernel: [    0.000000] clocksource: refined-jiffies: mask: 0xffffffff max_cycles: 0xffffffff, max_idle_ns: 7645519600211568 ns
Feb  4 13:32:34 cu-cs-vm kernel: [    0.000000] random: get_random_bytes called from start_kernel+0x99/0x51d with crng_init=0
Feb  4 13:32:34 cu-cs-vm kernel: [    0.000000] setup_percpu: NR_CPUS:8192 nr_cpumask_bits:128 nr_cpu_ids:128 nr_node_ids:1
Feb  4 13:32:34 cu-cs-vm kernel: [    0.000000] percpu: Embedded 46 pages/cpu @        (ptrval) s151552 r8192 d28672 u262144
Feb  4 13:32:34 cu-cs-vm kernel: [    0.000000] pcpu-alloc: s151552 r8192 d28672 u262144 alloc=1*2097152
Feb  4 13:32:34 cu-cs-vm kernel: [    0.000000] pcpu-alloc: [0] 000 001 002 003 004 005 006 007 
Feb  4 13:32:34 cu-cs-vm kernel: [    0.000000] pcpu-alloc: [0] 008 009 010 011 012 013 014 015 
Feb  4 13:32:34 cu-cs-vm kernel: [    0.000000] pcpu-alloc: [0] 016 017 018 019 020 021 022 023 
Feb  4 13:32:34 cu-cs-vm kernel: [    0.000000] pcpu-alloc: [0] 024 025 026 027 028 029 030 031 
Feb  4 13:32:34 cu-cs-vm kernel: [    0.000000] pcpu-alloc: [0] 032 033 034 035 036 037 038 039 
Feb  4 13:32:34 cu-cs-vm kernel: [    0.000000] pcpu-alloc: [0] 040 041 042 043 044 045 046 047 
Feb  4 13:32:34 cu-cs-vm kernel: [    0.000000] pcpu-alloc: [0] 048 049 050 051 052 053 054 055 
Feb  4 13:32:34 cu-cs-vm kernel: [    0.000000] pcpu-alloc: [0] 056 057 058 059 060 061 062 063 
Feb  4 13:32:34 cu-cs-vm kernel: [    0.000000] pcpu-alloc: [0] 064 065 066 067 068 069 070 071 
Feb  4 13:32:34 cu-cs-vm kernel: [    0.000000] pcpu-alloc: [0] 072 073 074 075 076 077 078 079 
Feb  4 13:32:34 cu-cs-vm kernel: [    0.000000] pcpu-alloc: [0] 080 081 082 083 084 085 086 087 
Feb  4 13:32:34 cu-cs-vm kernel: [    0.000000] pcpu-alloc: [0] 088 089 090 091 092 093 094 095 
Feb  4 13:32:34 cu-cs-vm kernel: [    0.000000] pcpu-alloc: [0] 096 097 098 099 100 101 102 103 
Feb  4 13:32:34 cu-cs-vm kernel: [    0.000000] pcpu-alloc: [0] 104 105 106 107 108 109 110 111 
Feb  4 13:32:34 cu-cs-vm kernel: [    0.000000] pcpu-alloc: [0] 112 113 114 115 116 117 118 119 
Feb  4 13:32:34 cu-cs-vm kernel: [    0.000000] pcpu-alloc: [0] 120 121 122 123 124 125 126 127 
Feb  4 13:32:34 cu-cs-vm kernel: [    0.000000] Built 1 zonelists, mobility grouping on.  Total pages: 2064216
Feb  4 13:32:34 cu-cs-vm kernel: [    0.000000] Policy zone: Normal
Feb  4 13:32:34 cu-cs-vm kernel: [    0.000000] Kernel command line: BOOT_IMAGE=/boot/vmlinuz-4.15.18Jerry1 root=UUID=a7adc8c1-e02a-478b-93ad-c06e060e0176 ro
Feb  4 13:32:34 cu-cs-vm kernel: [    0.000000] log_buf_len individual max cpu contribution: 4096 bytes
Feb  4 13:32:34 cu-cs-vm kernel: [    0.000000] log_buf_len total cpu_extra contributions: 520192 bytes
Feb  4 13:32:34 cu-cs-vm kernel: [    0.000000] log_buf_len min size: 262144 bytes
Feb  4 13:32:34 cu-cs-vm kernel: [    0.000000] log_buf_len: 1048576 bytes
Feb  4 13:32:34 cu-cs-vm kernel: [    0.000000] early log buf free: 224408(85%)
Feb  4 13:32:34 cu-cs-vm kernel: [    0.000000] Calgary: detecting Calgary via BIOS EBDA area
Feb  4 13:32:34 cu-cs-vm kernel: [    0.000000] Calgary: Unable to locate Rio Grande table in EBDA - bailing!
Feb  4 13:32:34 cu-cs-vm kernel: [    0.000000] Memory: 7697668K/8388020K available (12300K kernel code, 2471K rwdata, 4204K rodata, 2408K init, 2416K bss, 690352K reserved, 0K cma-reserved)
Feb  4 13:32:34 cu-cs-vm kernel: [    0.000000] SLUB: HWalign=64, Order=0-3, MinObjects=0, CPUs=128, Nodes=1
Feb  4 13:32:34 cu-cs-vm kernel: [    0.000000] Kernel/User page tables isolation: enabled
Feb  4 13:32:34 cu-cs-vm kernel: [    0.000000] ftrace: allocating 39056 entries in 153 pages
Feb  4 13:32:34 cu-cs-vm kernel: [    0.004000] Hierarchical RCU implementation.
Feb  4 13:32:34 cu-cs-vm kernel: [    0.004000] 	RCU restricting CPUs from NR_CPUS=8192 to nr_cpu_ids=128.
Feb  4 13:32:34 cu-cs-vm kernel: [    0.004000] 	Tasks RCU enabled.
Feb  4 13:32:34 cu-cs-vm kernel: [    0.004000] RCU: Adjusting geometry for rcu_fanout_leaf=16, nr_cpu_ids=128
Feb  4 13:32:34 cu-cs-vm kernel: [    0.004000] NR_IRQS: 524544, nr_irqs: 1448, preallocated irqs: 16
Feb  4 13:32:34 cu-cs-vm kernel: [    0.004000] Console: colour VGA+ 80x25
Feb  4 13:32:34 cu-cs-vm kernel: [    0.004000] console [tty0] enabled
Feb  4 13:32:34 cu-cs-vm kernel: [    0.004000] ACPI: Core revision 20170831
Feb  4 13:32:34 cu-cs-vm kernel: [    0.004000] ACPI: 1 ACPI AML tables successfully acquired and loaded
Feb  4 13:32:34 cu-cs-vm kernel: [    0.004016] APIC: Switch to symmetric I/O mode setup
Feb  4 13:32:34 cu-cs-vm kernel: [    0.005597] x2apic enabled
Feb  4 13:32:34 cu-cs-vm kernel: [    0.006456] Switched APIC routing to physical x2apic.
Feb  4 13:32:34 cu-cs-vm kernel: [    0.009727] ..TIMER: vector=0x30 apic1=0 pin1=2 apic2=-1 pin2=-1
Feb  4 13:32:34 cu-cs-vm kernel: [    0.010242] tsc: Detected 2601.000 MHz processor
Feb  4 13:32:34 cu-cs-vm kernel: [    0.010540] Calibrating delay loop (skipped) preset value.. 5202.00 BogoMIPS (lpj=10404000)
Feb  4 13:32:34 cu-cs-vm kernel: [    0.010540] pid_max: default: 131072 minimum: 1024
Feb  4 13:32:34 cu-cs-vm kernel: [    0.010540] Security Framework initialized
Feb  4 13:32:34 cu-cs-vm kernel: [    0.012005] Yama: becoming mindful.
Feb  4 13:32:34 cu-cs-vm kernel: [    0.013678] AppArmor: AppArmor initialized
Feb  4 13:32:34 cu-cs-vm kernel: [    0.019426] Dentry cache hash table entries: 1048576 (order: 11, 8388608 bytes)
Feb  4 13:32:34 cu-cs-vm kernel: [    0.022292] Inode-cache hash table entries: 524288 (order: 10, 4194304 bytes)
Feb  4 13:32:34 cu-cs-vm kernel: [    0.022865] Mount-cache hash table entries: 16384 (order: 5, 131072 bytes)
Feb  4 13:32:34 cu-cs-vm kernel: [    0.023431] Mountpoint-cache hash table entries: 16384 (order: 5, 131072 bytes)
Feb  4 13:32:34 cu-cs-vm kernel: [    0.024681] Disabled fast string operations
Feb  4 13:32:34 cu-cs-vm kernel: [    0.025093] mce: CPU supports 0 MCE banks
Feb  4 13:32:34 cu-cs-vm kernel: [    0.025367] Last level iTLB entries: 4KB 64, 2MB 8, 4MB 8
Feb  4 13:32:34 cu-cs-vm kernel: [    0.025762] Last level dTLB entries: 4KB 64, 2MB 0, 4MB 0, 1GB 4
Feb  4 13:32:34 cu-cs-vm kernel: [    0.026140] Spectre V2 : Mitigation: Full generic retpoline
Feb  4 13:32:34 cu-cs-vm kernel: [    0.026488] Spectre V2 : Spectre v2 / SpectreRSB mitigation: Filling RSB on context switch
Feb  4 13:32:34 cu-cs-vm kernel: [    0.027006] Spectre V2 : Spectre v2 mitigation: Enabling Indirect Branch Prediction Barrier
Feb  4 13:32:34 cu-cs-vm kernel: [    0.027528] Spectre V2 : Enabling Restricted Speculation for firmware calls
Feb  4 13:32:34 cu-cs-vm kernel: [    0.028006] Speculative Store Bypass: Vulnerable
Feb  4 13:32:34 cu-cs-vm kernel: [    0.041116] Freeing SMP alternatives memory: 36K
Feb  4 13:32:34 cu-cs-vm kernel: [    0.052000] TSC deadline timer enabled
Feb  4 13:32:34 cu-cs-vm kernel: [    0.052000] smpboot: CPU0: Intel(R) Core(TM) i7-6700HQ CPU @ 2.60GHz (family: 0x6, model: 0x5e, stepping: 0x3)
Feb  4 13:32:34 cu-cs-vm kernel: [    0.052000] Performance Events: Skylake events, core PMU driver.
Feb  4 13:32:34 cu-cs-vm kernel: [    0.052000] core: CPUID marked event: 'cpu cycles' unavailable
Feb  4 13:32:34 cu-cs-vm kernel: [    0.052000] core: CPUID marked event: 'instructions' unavailable
Feb  4 13:32:34 cu-cs-vm kernel: [    0.052000] core: CPUID marked event: 'bus cycles' unavailable
Feb  4 13:32:34 cu-cs-vm kernel: [    0.052000] core: CPUID marked event: 'cache references' unavailable
Feb  4 13:32:34 cu-cs-vm kernel: [    0.052000] core: CPUID marked event: 'cache misses' unavailable
Feb  4 13:32:34 cu-cs-vm kernel: [    0.052000] core: CPUID marked event: 'branch instructions' unavailable
Feb  4 13:32:34 cu-cs-vm kernel: [    0.052000] core: CPUID marked event: 'branch misses' unavailable
Feb  4 13:32:34 cu-cs-vm kernel: [    0.052022] ... version:                1
Feb  4 13:32:34 cu-cs-vm kernel: [    0.052282] ... bit width:              48
Feb  4 13:32:34 cu-cs-vm kernel: [    0.052588] ... generic registers:      4
Feb  4 13:32:34 cu-cs-vm kernel: [    0.052896] ... value mask:             0000ffffffffffff
Feb  4 13:32:34 cu-cs-vm kernel: [    0.053275] ... max period:             000000007fffffff
Feb  4 13:32:34 cu-cs-vm kernel: [    0.053654] ... fixed-purpose events:   0
Feb  4 13:32:34 cu-cs-vm kernel: [    0.054032] ... event mask:             000000000000000f
Feb  4 13:32:34 cu-cs-vm kernel: [    0.054615] Hierarchical SRCU implementation.
Feb  4 13:32:34 cu-cs-vm kernel: [    0.055951] NMI watchdog: Perf event create on CPU 0 failed with -2
Feb  4 13:32:34 cu-cs-vm kernel: [    0.056034] NMI watchdog: Perf NMI watchdog permanently disabled
Feb  4 13:32:34 cu-cs-vm kernel: [    0.064295] smp: Bringing up secondary CPUs ...
Feb  4 13:32:34 cu-cs-vm kernel: [    0.064862] x86: Booting SMP configuration:
Feb  4 13:32:34 cu-cs-vm kernel: [    0.065136] .... node  #0, CPUs:          #1
Feb  4 13:32:34 cu-cs-vm kernel: [    0.004000] Disabled fast string operations
Feb  4 13:32:34 cu-cs-vm kernel: [    0.004000] mce: CPU supports 0 MCE banks
Feb  4 13:32:34 cu-cs-vm kernel: [    0.068565]    #2
Feb  4 13:32:34 cu-cs-vm kernel: [    0.004000] Disabled fast string operations
Feb  4 13:32:34 cu-cs-vm kernel: [    0.004000] mce: CPU supports 0 MCE banks
Feb  4 13:32:34 cu-cs-vm kernel: [    0.072479]    #3
Feb  4 13:32:34 cu-cs-vm kernel: [    0.004000] Disabled fast string operations
Feb  4 13:32:34 cu-cs-vm kernel: [    0.004000] mce: CPU supports 0 MCE banks
Feb  4 13:32:34 cu-cs-vm kernel: [    0.076431]    #4
Feb  4 13:32:34 cu-cs-vm kernel: [    0.004000] Disabled fast string operations
Feb  4 13:32:34 cu-cs-vm kernel: [    0.004000] mce: CPU supports 0 MCE banks
Feb  4 13:32:34 cu-cs-vm kernel: [    0.080308]    #5
Feb  4 13:32:34 cu-cs-vm kernel: [    0.004000] Disabled fast string operations
Feb  4 13:32:34 cu-cs-vm kernel: [    0.004000] mce: CPU supports 0 MCE banks
Feb  4 13:32:34 cu-cs-vm kernel: [    0.084323]    #6
Feb  4 13:32:34 cu-cs-vm kernel: [    0.004000] Disabled fast string operations
Feb  4 13:32:34 cu-cs-vm kernel: [    0.004000] mce: CPU supports 0 MCE banks
Feb  4 13:32:34 cu-cs-vm kernel: [    0.088233]    #7
Feb  4 13:32:34 cu-cs-vm kernel: [    0.004000] Disabled fast string operations
Feb  4 13:32:34 cu-cs-vm kernel: [    0.004000] mce: CPU supports 0 MCE banks
Feb  4 13:32:34 cu-cs-vm kernel: [    0.092120] smp: Brought up 1 node, 8 CPUs
Feb  4 13:32:34 cu-cs-vm kernel: [    0.092311] smpboot: Max logical packages: 64
Feb  4 13:32:34 cu-cs-vm kernel: [    0.092386] smpboot: Total of 8 processors activated (41616.00 BogoMIPS)
Feb  4 13:32:34 cu-cs-vm kernel: [    0.101438] devtmpfs: initialized
Feb  4 13:32:34 cu-cs-vm kernel: [    0.101438] x86/mm: Memory block size: 128MB
Feb  4 13:32:34 cu-cs-vm kernel: [    0.101438] evm: security.selinux
Feb  4 13:32:34 cu-cs-vm kernel: [    0.101438] evm: security.SMACK64
Feb  4 13:32:34 cu-cs-vm kernel: [    0.101438] evm: security.SMACK64EXEC
Feb  4 13:32:34 cu-cs-vm kernel: [    0.101438] evm: security.SMACK64TRANSMUTE
Feb  4 13:32:34 cu-cs-vm kernel: [    0.101438] evm: security.SMACK64MMAP
Feb  4 13:32:34 cu-cs-vm kernel: [    0.101438] evm: security.apparmor
Feb  4 13:32:34 cu-cs-vm kernel: [    0.101491] evm: security.ima
Feb  4 13:32:34 cu-cs-vm kernel: [    0.101574] evm: security.capability
Feb  4 13:32:34 cu-cs-vm kernel: [    0.104077] PM: Registering ACPI NVS region [mem 0xbfeff000-0xbfefffff] (4096 bytes)
Feb  4 13:32:34 cu-cs-vm kernel: [    0.104755] clocksource: jiffies: mask: 0xffffffff max_cycles: 0xffffffff, max_idle_ns: 7645041785100000 ns
Feb  4 13:32:34 cu-cs-vm kernel: [    0.104755] futex hash table entries: 32768 (order: 9, 2097152 bytes)
Feb  4 13:32:34 cu-cs-vm kernel: [    0.106456] pinctrl core: initialized pinctrl subsystem
Feb  4 13:32:34 cu-cs-vm kernel: [    0.106931] RTC time: 20:32:02, date: 02/04/19
Feb  4 13:32:34 cu-cs-vm kernel: [    0.111910] NET: Registered protocol family 16
Feb  4 13:32:34 cu-cs-vm kernel: [    0.112000] audit: initializing netlink subsys (disabled)
Feb  4 13:32:34 cu-cs-vm kernel: [    0.112093] audit: type=2000 audit(1549312321.112:1): state=initialized audit_enabled=0 res=1
Feb  4 13:32:34 cu-cs-vm kernel: [    0.112421] cpuidle: using governor ladder
Feb  4 13:32:34 cu-cs-vm kernel: [    0.112421] cpuidle: using governor menu
Feb  4 13:32:34 cu-cs-vm kernel: [    0.112421] Simple Boot Flag at 0x36 set to 0x80
Feb  4 13:32:34 cu-cs-vm kernel: [    0.112421] ACPI: bus type PCI registered
Feb  4 13:32:34 cu-cs-vm kernel: [    0.112430] acpiphp: ACPI Hot Plug PCI Controller Driver version: 0.5
Feb  4 13:32:34 cu-cs-vm kernel: [    0.113109] PCI: MMCONFIG for domain 0000 [bus 00-7f] at [mem 0xf0000000-0xf7ffffff] (base 0xf0000000)
Feb  4 13:32:34 cu-cs-vm kernel: [    0.113249] PCI: MMCONFIG at [mem 0xf0000000-0xf7ffffff] reserved in E820
Feb  4 13:32:34 cu-cs-vm kernel: [    0.113355] pmd_set_huge: Cannot satisfy [mem 0xf0000000-0xf0200000] with a huge-page mapping due to MTRR override.
Feb  4 13:32:34 cu-cs-vm kernel: [    0.120202] PCI: Using configuration type 1 for base access
Feb  4 13:32:34 cu-cs-vm kernel: [    0.124599] HugeTLB registered 1.00 GiB page size, pre-allocated 0 pages
Feb  4 13:32:34 cu-cs-vm kernel: [    0.124599] HugeTLB registered 2.00 MiB page size, pre-allocated 0 pages
Feb  4 13:32:34 cu-cs-vm kernel: [    0.128746] ACPI: Added _OSI(Module Device)
Feb  4 13:32:34 cu-cs-vm kernel: [    0.128853] ACPI: Added _OSI(Processor Device)
Feb  4 13:32:34 cu-cs-vm kernel: [    0.128931] ACPI: Added _OSI(3.0 _SCP Extensions)
Feb  4 13:32:34 cu-cs-vm kernel: [    0.129005] ACPI: Added _OSI(Processor Aggregator Device)
Feb  4 13:32:34 cu-cs-vm kernel: [    0.129087] ACPI: Added _OSI(Linux-Dell-Video)
Feb  4 13:32:34 cu-cs-vm kernel: [    0.129159] ACPI: Added _OSI(Linux-Lenovo-NV-HDMI-Audio)
Feb  4 13:32:34 cu-cs-vm kernel: [    0.137912] ACPI: [Firmware Bug]: BIOS _OSI(Linux) query ignored
Feb  4 13:32:34 cu-cs-vm kernel: [    0.216227] ACPI: Interpreter enabled
Feb  4 13:32:34 cu-cs-vm kernel: [    0.216334] ACPI: (supports S0 S1 S4 S5)
Feb  4 13:32:34 cu-cs-vm kernel: [    0.216401] ACPI: Using IOAPIC for interrupt routing
Feb  4 13:32:34 cu-cs-vm kernel: [    0.216533] PCI: Using host bridge windows from ACPI; if necessary, use "pci=nocrs" and report a bug
Feb  4 13:32:34 cu-cs-vm kernel: [    0.220000] ACPI: Enabled 4 GPEs in block 00 to 0F
Feb  4 13:32:34 cu-cs-vm kernel: [    0.865486] ACPI: PCI Root Bridge [PCI0] (domain 0000 [bus 00-7f])
Feb  4 13:32:34 cu-cs-vm kernel: [    0.865601] acpi PNP0A03:00: _OSC: OS supports [ExtendedConfig ASPM ClockPM Segments MSI]
Feb  4 13:32:34 cu-cs-vm kernel: [    0.866251] acpi PNP0A03:00: _OSC: platform does not support [AER]
Feb  4 13:32:34 cu-cs-vm kernel: [    0.866817] acpi PNP0A03:00: _OSC: OS now controls [PCIeHotplug PME PCIeCapability]
Feb  4 13:32:34 cu-cs-vm kernel: [    0.872383] PCI host bridge to bus 0000:00
Feb  4 13:32:34 cu-cs-vm kernel: [    0.872463] pci_bus 0000:00: root bus resource [mem 0x000a0000-0x000bffff window]
Feb  4 13:32:34 cu-cs-vm kernel: [    0.872576] pci_bus 0000:00: root bus resource [mem 0x000cc000-0x000cffff window]
Feb  4 13:32:34 cu-cs-vm kernel: [    0.872688] pci_bus 0000:00: root bus resource [mem 0x000d0000-0x000d3fff window]
Feb  4 13:32:34 cu-cs-vm kernel: [    0.872799] pci_bus 0000:00: root bus resource [mem 0x000d4000-0x000d7fff window]
Feb  4 13:32:34 cu-cs-vm kernel: [    0.872937] pci_bus 0000:00: root bus resource [mem 0x000d8000-0x000dbfff window]
Feb  4 13:32:34 cu-cs-vm kernel: [    0.873069] pci_bus 0000:00: root bus resource [mem 0xc0000000-0xfebfffff window]
Feb  4 13:32:34 cu-cs-vm kernel: [    0.873181] pci_bus 0000:00: root bus resource [io  0x0000-0x0cf7 window]
Feb  4 13:32:34 cu-cs-vm kernel: [    0.873310] pci_bus 0000:00: root bus resource [io  0x0d00-0xfeff window]
Feb  4 13:32:34 cu-cs-vm kernel: [    0.873408] pci_bus 0000:00: root bus resource [bus 00-7f]
Feb  4 13:32:34 cu-cs-vm kernel: [    0.873606] pci 0000:00:00.0: [8086:7190] type 00 class 0x060000
Feb  4 13:32:34 cu-cs-vm kernel: [    0.875442] pci 0000:00:01.0: [8086:7191] type 01 class 0x060400
Feb  4 13:32:34 cu-cs-vm kernel: [    0.876698] pci 0000:00:07.0: [8086:7110] type 00 class 0x060100
Feb  4 13:32:34 cu-cs-vm kernel: [    0.878510] pci 0000:00:07.1: [8086:7111] type 00 class 0x01018a
Feb  4 13:32:34 cu-cs-vm kernel: [    0.884991] pci 0000:00:07.1: reg 0x20: [io  0x1060-0x106f]
Feb  4 13:32:34 cu-cs-vm kernel: [    0.888182] pci 0000:00:07.1: legacy IDE quirk: reg 0x10: [io  0x01f0-0x01f7]
Feb  4 13:32:34 cu-cs-vm kernel: [    0.888382] pci 0000:00:07.1: legacy IDE quirk: reg 0x14: [io  0x03f6]
Feb  4 13:32:34 cu-cs-vm kernel: [    0.888523] pci 0000:00:07.1: legacy IDE quirk: reg 0x18: [io  0x0170-0x0177]
Feb  4 13:32:34 cu-cs-vm kernel: [    0.888669] pci 0000:00:07.1: legacy IDE quirk: reg 0x1c: [io  0x0376]
Feb  4 13:32:34 cu-cs-vm kernel: [    0.889711] pci 0000:00:07.3: [8086:7113] type 00 class 0x068000
Feb  4 13:32:34 cu-cs-vm kernel: [    0.896597] pci 0000:00:07.3: quirk: [io  0x1000-0x103f] claimed by PIIX4 ACPI
Feb  4 13:32:34 cu-cs-vm kernel: [    0.896789] pci 0000:00:07.3: quirk: [io  0x1040-0x104f] claimed by PIIX4 SMB
Feb  4 13:32:34 cu-cs-vm kernel: [    0.897833] pci 0000:00:07.7: [15ad:0740] type 00 class 0x088000
Feb  4 13:32:34 cu-cs-vm kernel: [    0.900046] pci 0000:00:07.7: reg 0x10: [io  0x1080-0x10bf]
Feb  4 13:32:34 cu-cs-vm kernel: [    0.902399] pci 0000:00:07.7: reg 0x14: [mem 0xfebfe000-0xfebfffff 64bit]
Feb  4 13:32:34 cu-cs-vm kernel: [    0.910980] pci 0000:00:0f.0: [15ad:0405] type 00 class 0x030000
Feb  4 13:32:34 cu-cs-vm kernel: [    0.914717] pci 0000:00:0f.0: reg 0x10: [io  0x1070-0x107f]
Feb  4 13:32:34 cu-cs-vm kernel: [    0.919060] pci 0000:00:0f.0: reg 0x14: [mem 0xe8000000-0xefffffff pref]
Feb  4 13:32:34 cu-cs-vm kernel: [    0.922786] pci 0000:00:0f.0: reg 0x18: [mem 0xfe000000-0xfe7fffff]
Feb  4 13:32:34 cu-cs-vm kernel: [    0.940019] pci 0000:00:0f.0: reg 0x30: [mem 0x00000000-0x00007fff pref]
Feb  4 13:32:34 cu-cs-vm kernel: [    0.941682] pci 0000:00:10.0: [1000:0030] type 00 class 0x010000
Feb  4 13:32:34 cu-cs-vm kernel: [    0.944043] pci 0000:00:10.0: reg 0x10: [io  0x1400-0x14ff]
Feb  4 13:32:34 cu-cs-vm kernel: [    0.947441] pci 0000:00:10.0: reg 0x14: [mem 0xfeba0000-0xfebbffff 64bit]
Feb  4 13:32:34 cu-cs-vm kernel: [    0.949604] pci 0000:00:10.0: reg 0x1c: [mem 0xfebc0000-0xfebdffff 64bit]
Feb  4 13:32:34 cu-cs-vm kernel: [    0.954830] pci 0000:00:10.0: reg 0x30: [mem 0x00000000-0x00003fff pref]
Feb  4 13:32:34 cu-cs-vm kernel: [    0.956000] pci 0000:00:11.0: [15ad:0790] type 01 class 0x060401
Feb  4 13:32:34 cu-cs-vm kernel: [    0.957773] pci 0000:00:15.0: [15ad:07a0] type 01 class 0x060400
Feb  4 13:32:34 cu-cs-vm kernel: [    0.959543] pci 0000:00:15.0: PME# supported from D0 D3hot D3cold
Feb  4 13:32:34 cu-cs-vm kernel: [    0.960205] pci 0000:00:15.1: [15ad:07a0] type 01 class 0x060400
Feb  4 13:32:34 cu-cs-vm kernel: [    0.962453] pci 0000:00:15.1: PME# supported from D0 D3hot D3cold
Feb  4 13:32:34 cu-cs-vm kernel: [    0.963589] pci 0000:00:15.2: [15ad:07a0] type 01 class 0x060400
Feb  4 13:32:34 cu-cs-vm kernel: [    0.965518] pci 0000:00:15.2: PME# supported from D0 D3hot D3cold
Feb  4 13:32:34 cu-cs-vm kernel: [    0.966321] pci 0000:00:15.3: [15ad:07a0] type 01 class 0x060400
Feb  4 13:32:34 cu-cs-vm kernel: [    0.968046] pci 0000:00:15.3: PME# supported from D0 D3hot D3cold
Feb  4 13:32:34 cu-cs-vm kernel: [    0.968867] pci 0000:00:15.4: [15ad:07a0] type 01 class 0x060400
Feb  4 13:32:34 cu-cs-vm kernel: [    0.970637] pci 0000:00:15.4: PME# supported from D0 D3hot D3cold
Feb  4 13:32:34 cu-cs-vm kernel: [    0.971414] pci 0000:00:15.5: [15ad:07a0] type 01 class 0x060400
Feb  4 13:32:34 cu-cs-vm kernel: [    0.973277] pci 0000:00:15.5: PME# supported from D0 D3hot D3cold
Feb  4 13:32:34 cu-cs-vm kernel: [    0.974051] pci 0000:00:15.6: [15ad:07a0] type 01 class 0x060400
Feb  4 13:32:34 cu-cs-vm kernel: [    0.975852] pci 0000:00:15.6: PME# supported from D0 D3hot D3cold
Feb  4 13:32:34 cu-cs-vm kernel: [    0.976767] pci 0000:00:15.7: [15ad:07a0] type 01 class 0x060400
Feb  4 13:32:34 cu-cs-vm kernel: [    0.978808] pci 0000:00:15.7: PME# supported from D0 D3hot D3cold
Feb  4 13:32:34 cu-cs-vm kernel: [    0.980016] pci 0000:00:16.0: [15ad:07a0] type 01 class 0x060400
Feb  4 13:32:34 cu-cs-vm kernel: [    0.982179] pci 0000:00:16.0: PME# supported from D0 D3hot D3cold
Feb  4 13:32:34 cu-cs-vm kernel: [    0.983414] pci 0000:00:16.1: [15ad:07a0] type 01 class 0x060400
Feb  4 13:32:34 cu-cs-vm kernel: [    0.985696] pci 0000:00:16.1: PME# supported from D0 D3hot D3cold
Feb  4 13:32:34 cu-cs-vm kernel: [    0.986565] pci 0000:00:16.2: [15ad:07a0] type 01 class 0x060400
